Archive member included to satisfy reference by file (symbol)

d:/gcc-arm-none-eabi/bin/../lib/gcc/arm-none-eabi/4.9.3/thumb\libgcc.a(_arm_addsubsf3.o)
                              Src/StringsConv.o (__aeabi_fsub)
d:/gcc-arm-none-eabi/bin/../lib/gcc/arm-none-eabi/4.9.3/thumb\libgcc.a(_arm_muldivsf3.o)
                              Src/StringsConv.o (__aeabi_fmul)
d:/gcc-arm-none-eabi/bin/../lib/gcc/arm-none-eabi/4.9.3/thumb\libgcc.a(_arm_fixunssfsi.o)
                              Src/StringsConv.o (__aeabi_f2uiz)
d:/gcc-arm-none-eabi/bin/../lib/gcc/arm-none-eabi/4.9.3/../../../../arm-none-eabi/lib/thumb\libc.a(lib_a-exit.o)
                              d:/gcc-arm-none-eabi/bin/../lib/gcc/arm-none-eabi/4.9.3/../../../../arm-none-eabi/lib/thumb/crt0.o (exit)
d:/gcc-arm-none-eabi/bin/../lib/gcc/arm-none-eabi/4.9.3/../../../../arm-none-eabi/lib/thumb\libc.a(lib_a-impure.o)
                              d:/gcc-arm-none-eabi/bin/../lib/gcc/arm-none-eabi/4.9.3/../../../../arm-none-eabi/lib/thumb\libc.a(lib_a-exit.o) (_global_impure_ptr)
d:/gcc-arm-none-eabi/bin/../lib/gcc/arm-none-eabi/4.9.3/../../../../arm-none-eabi/lib/thumb\libc.a(lib_a-init.o)
                              d:/gcc-arm-none-eabi/bin/../lib/gcc/arm-none-eabi/4.9.3/../../../../arm-none-eabi/lib/thumb/crt0.o (__libc_init_array)
d:/gcc-arm-none-eabi/bin/../lib/gcc/arm-none-eabi/4.9.3/../../../../arm-none-eabi/lib/thumb\libc.a(lib_a-memcmp.o)
                              FreeRTOS_Source/tasks.o (memcmp)
d:/gcc-arm-none-eabi/bin/../lib/gcc/arm-none-eabi/4.9.3/../../../../arm-none-eabi/lib/thumb\libc.a(lib_a-memcpy.o)
                              FreeRTOS_Source/queue.o (memcpy)
d:/gcc-arm-none-eabi/bin/../lib/gcc/arm-none-eabi/4.9.3/../../../../arm-none-eabi/lib/thumb\libc.a(lib_a-memset.o)
                              d:/gcc-arm-none-eabi/bin/../lib/gcc/arm-none-eabi/4.9.3/../../../../arm-none-eabi/lib/thumb/crt0.o (memset)
d:/gcc-arm-none-eabi/bin/../lib/gcc/arm-none-eabi/4.9.3/../../../../arm-none-eabi/lib/thumb\libc.a(lib_a-sprintf.o)
                              FreeRTOS_Source/tasks.o (sprintf)
d:/gcc-arm-none-eabi/bin/../lib/gcc/arm-none-eabi/4.9.3/../../../../arm-none-eabi/lib/thumb\libc.a(lib_a-strcpy.o)
                              FreeRTOS_Source/tasks.o (strcpy)
d:/gcc-arm-none-eabi/bin/../lib/gcc/arm-none-eabi/4.9.3/../../../../arm-none-eabi/lib/thumb\libc.a(lib_a-strlen.o)
                              FreeRTOS_Source/tasks.o (strlen)
d:/gcc-arm-none-eabi/bin/../lib/gcc/arm-none-eabi/4.9.3/../../../../arm-none-eabi/lib/thumb\libc.a(lib_a-svfprintf.o)
                              d:/gcc-arm-none-eabi/bin/../lib/gcc/arm-none-eabi/4.9.3/../../../../arm-none-eabi/lib/thumb\libc.a(lib_a-sprintf.o) (_svfprintf_r)
d:/gcc-arm-none-eabi/bin/../lib/gcc/arm-none-eabi/4.9.3/../../../../arm-none-eabi/lib/thumb\libc.a(lib_a-__call_atexit.o)
                              d:/gcc-arm-none-eabi/bin/../lib/gcc/arm-none-eabi/4.9.3/../../../../arm-none-eabi/lib/thumb\libc.a(lib_a-exit.o) (__call_exitprocs)
d:/gcc-arm-none-eabi/bin/../lib/gcc/arm-none-eabi/4.9.3/../../../../arm-none-eabi/lib/thumb\libc.a(lib_a-dtoa.o)
                              d:/gcc-arm-none-eabi/bin/../lib/gcc/arm-none-eabi/4.9.3/../../../../arm-none-eabi/lib/thumb\libc.a(lib_a-svfprintf.o) (_dtoa_r)
d:/gcc-arm-none-eabi/bin/../lib/gcc/arm-none-eabi/4.9.3/../../../../arm-none-eabi/lib/thumb\libc.a(lib_a-freer.o)
                              d:/gcc-arm-none-eabi/bin/../lib/gcc/arm-none-eabi/4.9.3/../../../../arm-none-eabi/lib/thumb\libc.a(lib_a-svfprintf.o) (_free_r)
d:/gcc-arm-none-eabi/bin/../lib/gcc/arm-none-eabi/4.9.3/../../../../arm-none-eabi/lib/thumb\libc.a(lib_a-locale.o)
                              d:/gcc-arm-none-eabi/bin/../lib/gcc/arm-none-eabi/4.9.3/../../../../arm-none-eabi/lib/thumb\libc.a(lib_a-svfprintf.o) (_localeconv_r)
d:/gcc-arm-none-eabi/bin/../lib/gcc/arm-none-eabi/4.9.3/../../../../arm-none-eabi/lib/thumb\libc.a(lib_a-malloc.o)
                              d:/gcc-arm-none-eabi/bin/../lib/gcc/arm-none-eabi/4.9.3/../../../../arm-none-eabi/lib/thumb\libc.a(lib_a-dtoa.o) (malloc)
d:/gcc-arm-none-eabi/bin/../lib/gcc/arm-none-eabi/4.9.3/../../../../arm-none-eabi/lib/thumb\libc.a(lib_a-mallocr.o)
                              d:/gcc-arm-none-eabi/bin/../lib/gcc/arm-none-eabi/4.9.3/../../../../arm-none-eabi/lib/thumb\libc.a(lib_a-svfprintf.o) (_malloc_r)
d:/gcc-arm-none-eabi/bin/../lib/gcc/arm-none-eabi/4.9.3/../../../../arm-none-eabi/lib/thumb\libc.a(lib_a-memchr.o)
                              d:/gcc-arm-none-eabi/bin/../lib/gcc/arm-none-eabi/4.9.3/../../../../arm-none-eabi/lib/thumb\libc.a(lib_a-svfprintf.o) (memchr)
d:/gcc-arm-none-eabi/bin/../lib/gcc/arm-none-eabi/4.9.3/../../../../arm-none-eabi/lib/thumb\libc.a(lib_a-mlock.o)
                              d:/gcc-arm-none-eabi/bin/../lib/gcc/arm-none-eabi/4.9.3/../../../../arm-none-eabi/lib/thumb\libc.a(lib_a-freer.o) (__malloc_lock)
[...]
Memory Configuration

Name             Origin             Length             Attributes
RAM              0x20000000         0x00010000         xrw
FLASH            0x08000000         0x00020000         xr
FLASHB1          0x00000000         0x00000000         xr
EXTMEMB0         0x00000000         0x00000000         xr
EXTMEMB1         0x00000000         0x00000000         xr
EXTMEMB2         0x00000000         0x00000000         xr
EXTMEMB3         0x00000000         0x00000000         xr
*default*        0x00000000         0xffffffff

Linker script and memory map

LOAD d:/gcc-arm-none-eabi/bin/../lib/gcc/arm-none-eabi/4.9.3/thumb/crti.o
LOAD d:/gcc-arm-none-eabi/bin/../lib/gcc/arm-none-eabi/4.9.3/thumb/crtbegin.o
LOAD d:/gcc-arm-none-eabi/bin/../lib/gcc/arm-none-eabi/4.9.3/../../../../arm-none-eabi/lib/thumb/crt0.o
                0x00000100                _sys_stack_size = 0x100
LOAD Src/main.o
LOAD Src/stm32f10x_it.o
LOAD Src/Stm32l_level.o
LOAD Src/Lcd3310.o
LOAD Src/StringsConv.o
LOAD Src/ParTest.o
LOAD Src/timertest.o
LOAD FreeRTOS_Source/croutine.o
LOAD FreeRTOS_Source/event_groups.o
LOAD FreeRTOS_Source/list.o
LOAD FreeRTOS_Source/queue.o
LOAD FreeRTOS_Source/tasks.o
LOAD FreeRTOS_Source/timers.o
LOAD FreeRTOS_Source/portable/GCC/ARM_CM3/port.o
LOAD FreeRTOS_Source/Full/BlockQ.o
LOAD FreeRTOS_Source/Full/comtest.o
LOAD FreeRTOS_Source/Full/death.o
LOAD FreeRTOS_Source/Full/dynamic.o
LOAD FreeRTOS_Source/Full/events.o
LOAD FreeRTOS_Source/Full/flash.o
LOAD FreeRTOS_Source/Full/integer.o
LOAD FreeRTOS_Source/Full/PollQ.o
LOAD FreeRTOS_Source/Full/print.o
LOAD FreeRTOS_Source/Full/semtest.o
LOAD FreeRTOS_Source/Full/QPeek.o
LOAD FreeRTOS_Source/Full/GenQTest.o
LOAD FreeRTOS_Source/Full/recmutex.o
LOAD FreeRTOS_Source/portable/MemMang/heap_2.o
LOAD Src/syscalls.o
LOAD STLibrary/src/stm32f10x_gpio.o
LOAD STLibrary/src/stm32f10x_nvic.o
LOAD STLibrary/src/stm32f10x_rcc.o
LOAD STLibrary/src/stm32f10x_systick.o
LOAD STLibrary/src/stm32f10x_tim.o
LOAD STLibrary/src/cortexm3_macro.o
LOAD STLibrary/src/stm32f10x_vector.o
START GROUP
LOAD d:/gcc-arm-none-eabi/bin/../lib/gcc/arm-none-eabi/4.9.3/thumb\libgcc.a
LOAD d:/gcc-arm-none-eabi/bin/../lib/gcc/arm-none-eabi/4.9.3/../../../../arm-none-eabi/lib/thumb\libc.a
END GROUP
LOAD d:/gcc-arm-none-eabi/bin/../lib/gcc/arm-none-eabi/4.9.3/thumb/crtend.o
LOAD d:/gcc-arm-none-eabi/bin/../lib/gcc/arm-none-eabi/4.9.3/thumb/crtn.o
                0x00000000                PROVIDE (Undefined_Handler, 0x0)
                0x00000000                PROVIDE (SWI_Handler, 0x0)
                0x00000000                PROVIDE (IRQ_Handler, 0x0)
                0x00000000                PROVIDE (Prefetch_Handler, 0x0)
                0x00000000                PROVIDE (Abort_Handler, 0x0)
                0x00000000                PROVIDE (FIQ_Handler, 0x0)
                0x00000000                PROVIDE (NMIException, 0x0)
                0x00000000                PROVIDE (HardFaultException, 0x0)
                0x00000000                PROVIDE (MemManageException, 0x0)
                0x00000000                PROVIDE (BusFaultException, 0x0)
                0x00000000                PROVIDE (UsageFaultException, 0x0)
                0x00000000                PROVIDE (SVCHandler, 0x0)
                0x00000000                PROVIDE (DebugMonitor, 0x0)
                0x00000000                PROVIDE (PendSVC, 0x0)
                0x00000000                PROVIDE (SysTickHandler, 0x0)
                0x00000000                PROVIDE (WWDG_IRQHandler, 0x0)
                0x00000000                PROVIDE (PVD_IRQHandler, 0x0)
                0x00000000                PROVIDE (TAMPER_IRQHandler, 0x0)
                0x00000000                PROVIDE (RTC_IRQHandler, 0x0)
                0x00000000                PROVIDE (FLASH_IRQHandler, 0x0)
                0x00000000                PROVIDE (RCC_IRQHandler, 0x0)
                0x00000000                PROVIDE (EXTI0_IRQHandler, 0x0)
                0x00000000                PROVIDE (EXTI1_IRQHandler, 0x0)
                0x00000000                PROVIDE (EXTI2_IRQHandler, 0x0)
                0x00000000                PROVIDE (EXTI3_IRQHandler, 0x0)
                0x00000000                PROVIDE (EXTI4_IRQHandler, 0x0)
                0x00000000                PROVIDE (DMAChannel1_IRQHandler, 0x0)
                0x00000000                PROVIDE (DMAChannel2_IRQHandler, 0x0)
                0x00000000                PROVIDE (DMAChannel3_IRQHandler, 0x0)
                0x00000000                PROVIDE (DMAChannel4_IRQHandler, 0x0)
                0x00000000                PROVIDE (DMAChannel5_IRQHandler, 0x0)
                0x00000000                PROVIDE (DMAChannel6_IRQHandler, 0x0)
                0x00000000                PROVIDE (DMAChannel7_IRQHandler, 0x0)
                0x00000000                PROVIDE (ADC_IRQHandler, 0x0)
                0x00000000                PROVIDE (USB_HP_CAN_TX_IRQHandler, 0x0)
                0x00000000                PROVIDE (USB_LP_CAN_RX0_IRQHandler, 0x0)
                0x00000000                PROVIDE (CAN_RX1_IRQHandler, 0x0)
                0x00000000                PROVIDE (CAN_SCE_IRQHandler, 0x0)
                0x00000000                PROVIDE (EXTI9_5_IRQHandler, 0x0)
                0x00000000                PROVIDE (TIM1_BRK_IRQHandler, 0x0)
                0x00000000                PROVIDE (TIM1_UP_IRQHandler, 0x0)
                0x00000000                PROVIDE (TIM1_TRG_COM_IRQHandler, 0x0)
                0x00000000                PROVIDE (TIM1_CC_IRQHandler, 0x0)
                0x00000000                PROVIDE (TIM2_IRQHandler, 0x0)
                0x00000000                PROVIDE (TIM3_IRQHandler, 0x0)
                0x00000000                PROVIDE (TIM4_IRQHandler, 0x0)
                0x00000000                PROVIDE (I2C1_EV_IRQHandler, 0x0)
                0x00000000                PROVIDE (I2C1_ER_IRQHandler, 0x0)
                0x00000000                PROVIDE (I2C2_EV_IRQHandler, 0x0)
                0x00000000                PROVIDE (I2C2_ER_IRQHandler, 0x0)
                0x00000000                PROVIDE (SPI1_IRQHandler, 0x0)
                0x00000000                PROVIDE (SPI2_IRQHandler, 0x0)
                0x00000000                PROVIDE (USART1_IRQHandler, 0x0)
                0x00000000                PROVIDE (USART2_IRQHandler, 0x0)
                0x00000000                PROVIDE (USART3_IRQHandler, 0x0)
                0x00000000                PROVIDE (EXTI15_10_IRQHandler, 0x0)
                0x00000000                PROVIDE (RTCAlarm_IRQHandler, 0x0)
                0x00000000                PROVIDE (USBWakeUp_IRQHandler, 0x0)
                0x42000000                PERIPH_BB_BASE = 0x42000000
                0x22000000                SRAM_BB_BASE = 0x22000000
                0x20000000                SRAM_BASE = 0x20000000
                0x40000000                PERIPH_BASE = 0x40000000
                0x40022000                PROVIDE (FLASH_BASE, 0x40022000)
                0x1ffff800                PROVIDE (OB_BASE, 0x1ffff800)
                0x40000000                APB1PERIPH_BASE = PERIPH_BASE
                0x40010000                APB2PERIPH_BASE = (PERIPH_BASE + 0x10000)
                0x40020000                AHBPERIPH_BASE = (PERIPH_BASE + 0x20000)
                0x40000000                PROVIDE (TIM2, (APB1PERIPH_BASE + 0x0))
                0x40000400                PROVIDE (TIM3, (APB1PERIPH_BASE + 0x400))
                0x40000800                PROVIDE (TIM4, (APB1PERIPH_BASE + 0x800))
                0x40002800                PROVIDE (RTC, (APB1PERIPH_BASE + 0x2800))
                0x40002c00                PROVIDE (WWDG, (APB1PERIPH_BASE + 0x2c00))
                0x40003000                PROVIDE (IWDG, (APB1PERIPH_BASE + 0x3000))
                0x40003800                PROVIDE (SPI2, (APB1PERIPH_BASE + 0x3800))
                0x40004400                PROVIDE (USART2, (APB1PERIPH_BASE + 0x4400))
                0x40004800                PROVIDE (USART3, (APB1PERIPH_BASE + 0x4800))
                0x40005400                PROVIDE (I2C1, (APB1PERIPH_BASE + 0x5400))
                0x40005800                PROVIDE (I2C2, (APB1PERIPH_BASE + 0x5800))
                0x40006400                PROVIDE (CAN, (APB1PERIPH_BASE + 0x6400))
                0x40006c00                PROVIDE (BKP, (APB1PERIPH_BASE + 0x6c00))
                0x40007000                PROVIDE (PWR, (APB1PERIPH_BASE + 0x7000))
                0x40010000                PROVIDE (AFIO, (APB2PERIPH_BASE + 0x0))
                0x40010400                PROVIDE (EXTI, (APB2PERIPH_BASE + 0x400))
                0x40010800                PROVIDE (GPIOA, (APB2PERIPH_BASE + 0x800))
                0x40010c00                PROVIDE (GPIOB, (APB2PERIPH_BASE + 0xc00))
                0x40011000                PROVIDE (GPIOC, (APB2PERIPH_BASE + 0x1000))
                0x40011400                PROVIDE (GPIOD, (APB2PERIPH_BASE + 0x1400))
                0x40011800                PROVIDE (GPIOE, (APB2PERIPH_BASE + 0x1800))
                0x40012400                PROVIDE (ADC1, (APB2PERIPH_BASE + 0x2400))
                0x40012800                PROVIDE (ADC2, (APB2PERIPH_BASE + 0x2800))
                0x40012c00                PROVIDE (TIM1, (APB2PERIPH_BASE + 0x2c00))
                0x40013000                PROVIDE (SPI1, (APB2PERIPH_BASE + 0x3000))
                0x40013800                PROVIDE (USART1, (APB2PERIPH_BASE + 0x3800))
                0x40020000                PROVIDE (DMA, (AHBPERIPH_BASE + 0x0))
                0x40020008                PROVIDE (DMA_Channel1, (AHBPERIPH_BASE + 0x8))
                0x4002001c                PROVIDE (DMA_Channel2, (AHBPERIPH_BASE + 0x1c))
                0x40020030                PROVIDE (DMA_Channel3, (AHBPERIPH_BASE + 0x30))
                0x40020044                PROVIDE (DMA_Channel4, (AHBPERIPH_BASE + 0x44))
                0x40020058                PROVIDE (DMA_Channel5, (AHBPERIPH_BASE + 0x58))
                0x4002006c                PROVIDE (DMA_Channel6, (AHBPERIPH_BASE + 0x6c))
                0x40020080                PROVIDE (DMA_Channel7, (AHBPERIPH_BASE + 0x80))
                0x40021000                PROVIDE (RCC, (AHBPERIPH_BASE + 0x1000))
                0xe000e000                SCS_BASE = 0xe000e000
                0xe000e010                PROVIDE (SysTick, (SCS_BASE + 0x10))
                0xe000e100                PROVIDE (NVIC, (SCS_BASE + 0x100))
                0xe000ed00                PROVIDE (SCB, (SCS_BASE + 0xd00))
                0x20010000                _estack = 0x20010000

.isr_vector     0x08000000      0x10c
                0x08000000                . = ALIGN (0x4)
 *(.isr_vector)
 .isr_vector    0x08000000      0x10c STLibrary/src/stm32f10x_vector.o
                0x08000000                g_pfnVectors
                0x0800010c                . = ALIGN (0x4)

.flashtext      0x0800010c        0x0
                0x0800010c                . = ALIGN (0x4)
 *(.flashtext)
                0x0800010c                . = ALIGN (0x4)
                0x0800010c                __exidx_start = .

.ARM.exidx      0x0800010c        0x8
 *(.ARM.exidx* .gnu.linkonce.armexidx.*)
 .ARM.exidx     0x0800010c        0x8 d:/gcc-arm-none-eabi/bin/../lib/gcc/arm-none-eabi/4.9.3/thumb\libgcc.a(_divdi3.o)
 .ARM.exidx     0x08000114        0x0 d:/gcc-arm-none-eabi/bin/../lib/gcc/arm-none-eabi/4.9.3/thumb\libgcc.a(_udivdi3.o)
                                  0x8 (size before relaxing)
                0x08000114                __exidx_end = .

.eh_frame_hdr
 *(.eh_frame_hdr)

.eh_frame       0x08000114        0x4
 *(.eh_frame)
 .eh_frame      0x08000114        0x0 d:/gcc-arm-none-eabi/bin/../lib/gcc/arm-none-eabi/4.9.3/thumb/crtbegin.o
 .eh_frame      0x08000114        0x0 d:/gcc-arm-none-eabi/bin/../lib/gcc/arm-none-eabi/4.9.3/../../../../arm-none-eabi/lib/thumb\libc.a(lib_a-strcmp.o)
                                 0x44 (size before relaxing)
 .eh_frame      0x08000114        0x4 d:/gcc-arm-none-eabi/bin/../lib/gcc/arm-none-eabi/4.9.3/thumb/crtend.o

.text           0x08000118     0xcdbc
                0x08000118                . = ALIGN (0x4)
 *(.text)
 .text          0x08000118       0x70 d:/gcc-arm-none-eabi/bin/../lib/gcc/arm-none-eabi/4.9.3/thumb/crtbegin.o
 .text          0x08000188      0x264 Src/main.o
                0x08000188                main
                0x08000318                vApplicationStackOverflowHook
                0x08000324                vApplicationTickHook
 .text          0x080003ec      0x230 Src/stm32f10x_it.o
                0x080003ec                NMIException
                0x080003f8                HardFaultException
                0x08000400                MemManageException
                0x08000408                BusFaultException
                0x08000410                UsageFaultException
                0x08000418                DebugMonitor
                0x08000424                WWDG_IRQHandler
                0x08000430                PVD_IRQHandler
                0x0800043c                TAMPER_IRQHandler
                0x08000448                RTC_IRQHandler
                0x08000454                FLASH_IRQHandler
                0x08000460                RCC_IRQHandler
                0x0800046c                EXTI0_IRQHandler
                0x08000478                EXTI1_IRQHandler
                0x08000484                EXTI2_IRQHandler
                0x08000490                EXTI3_IRQHandler
                0x0800049c                EXTI4_IRQHandler
                0x080004a8                DMAChannel1_IRQHandler
                0x080004b4                DMAChannel2_IRQHandler
                0x080004c0                DMAChannel3_IRQHandler
                0x080004cc                DMAChannel4_IRQHandler
                0x080004d8                DMAChannel5_IRQHandler
                0x080004e4                DMAChannel6_IRQHandler
                0x080004f0                DMAChannel7_IRQHandler
                0x080004fc                ADC_IRQHandler
                0x08000508                USB_HP_CAN_TX_IRQHandler
                0x08000514                USB_LP_CAN_RX0_IRQHandler
                0x08000520                CAN_RX1_IRQHandler
                0x0800052c                CAN_SCE_IRQHandler
                0x08000538                EXTI9_5_IRQHandler
                0x08000544                TIM1_BRK_IRQHandler
                0x08000550                TIM1_UP_IRQHandler
                0x0800055c                TIM1_TRG_COM_IRQHandler
                0x08000568                TIM1_CC_IRQHandler
                0x08000574                TIM3_IRQHandler
                0x08000580                TIM4_IRQHandler
                0x0800058c                I2C1_EV_IRQHandler
                0x08000598                I2C1_ER_IRQHandler
                0x080005a4                I2C2_EV_IRQHandler
                0x080005b0                I2C2_ER_IRQHandler
                0x080005bc                SPI1_IRQHandler
                0x080005c8                SPI2_IRQHandler
                0x080005d4                USART1_IRQHandler
                0x080005e0                USART2_IRQHandler
                0x080005ec                USART3_IRQHandler
                0x080005f8                EXTI15_10_IRQHandler
                0x08000604                RTCAlarm_IRQHandler
                0x08000610                USBWakeUp_IRQHandler
 .text          0x0800061c       0x50 Src/ParTest.o
                0x0800061c                vParTestInitialise
 .text          0x0800066c      0x13c Src/timertest.o
                0x0800066c                vSetupHighFrequencyTimer
                0x08000724                TIM2_IRQHandler
 .text          0x080007a8      0x164 FreeRTOS_Source/list.o
                0x080007a8                vListInitialise
                0x080007e8                vListInitialiseItem
                0x08000800                vListInsertEnd
                0x08000848                vListInsert
                0x080008b8                uxListRemove
 .text          0x0800090c      0x9f8 FreeRTOS_Source/queue.o
                0x0800090c                xQueueGenericReset
                0x080009b0                xQueueGenericCreate
                0x08000a34                xQueueCreateMutex
                0x08000ab8                xQueueGiveMutexRecursive
                0x08000b04                xQueueTakeMutexRecursive
                0x08000b58                xQueueGenericSend
                0x08000c7c                xQueueGenericSendFromISR
                0x08000d04                xQueueGiveFromISR
                0x08000d84                xQueueGenericReceive
                0x08000ef4                xQueueReceiveFromISR
                0x08000f78                xQueuePeekFromISR
                0x08000fc4                uxQueueMessagesWaiting
                0x08000fe4                uxQueueSpacesAvailable
                0x08001010                uxQueueMessagesWaitingFromISR
                0x0800102c                vQueueDelete
                0x08001044                uxQueueGetQueueNumber
                0x0800105c                vQueueSetQueueNumber
                0x08001078                ucQueueGetQueueType
                0x08001280                xQueueIsQueueEmptyFromISR
                0x080012d8                xQueueIsQueueFullFromISR
 .text          0x08001304     0x1d90 FreeRTOS_Source/tasks.o
                0x08001304                xTaskGenericCreate
                0x08001444                vTaskDelete
                0x08001518                vTaskDelayUntil
                0x080015d0                vTaskDelay
                0x08001644                uxTaskPriorityGet
                0x08001678                uxTaskPriorityGetFromISR
                0x080016b0                vTaskPrioritySet
                0x080017e4                vTaskSuspend
                0x08001920                vTaskResume
                0x080019b0                xTaskResumeFromISR
                0x08001a5c                vTaskStartScheduler
                0x08001abc                vTaskEndScheduler
                0x08001ad4                vTaskSuspendAll
                0x08001af0                xTaskResumeAll
                0x08001bf0                xTaskGetTickCount
                0x08001c10                xTaskGetTickCountFromISR
                0x08001c34                uxTaskGetNumberOfTasks
                0x08001c4c                uxTaskGetSystemState
                0x08001d4c                xTaskIncrementTick
                0x08001ebc                vTaskSwitchContext
                0x08001fcc                vTaskPlaceOnEventList
                0x0800204c                vTaskPlaceOnUnorderedEventList
                0x080020dc                xTaskRemoveFromEventList
                0x08002188                xTaskRemoveFromUnorderedEventList
                0x0800221c                vTaskSetTimeOutState
                0x08002248                xTaskCheckForTimeOut
                0x080022d0                vTaskMissedYield
                0x080022e8                uxTaskGetTaskNumber
                0x08002314                vTaskSetTaskNumber
                0x08002788                xTaskGetCurrentTaskHandle
                0x080027a8                vTaskPriorityInherit
                0x08002898                xTaskPriorityDisinherit
                0x080029b0                vTaskList
                0x08002aa8                vTaskGetRunTimeStats
                0x08002b8c                uxTaskResetEventItemValue
                0x08002bbc                pvTaskIncrementMutexHeldCount
                0x08002be4                ulTaskNotifyTake
                0x08002cbc                xTaskNotifyWait
                0x08002db8                xTaskGenericNotify
                0x08002eb8                xTaskNotifyFromISR
                0x08002fd4                vTaskNotifyGiveFromISR
 .text          0x08003094      0x200 FreeRTOS_Source/portable/GCC/ARM_CM3/port.o
                0x08003094                pxPortInitialiseStack
                0x080030f8                vPortSVCHandler
                0x08003138                xPortStartScheduler
                0x08003174                vPortEndScheduler
                0x08003180                vPortYield
                0x080031a0                vPortEnterCritical
                0x080031c0                vPortExitCritical
                0x080031e4                ulPortSetInterruptMask
                0x080031f8                vPortClearInterruptMask
                0x08003200                xPortPendSVHandler
                0x08003244                xPortSysTickHandler
                0x0800326c                vPortSetupTimerInterrupt
 .text          0x08003294      0x330 FreeRTOS_Source/Full/BlockQ.o
                0x08003294                vStartBlockingQueueTasks
                0x08003528                xAreBlockingQueuesStillRunning
 .text          0x080035c4      0x118 FreeRTOS_Source/Full/integer.o
                0x080035c4                vStartIntegerMathTasks
                0x08003688                xAreIntegerMathsTaskStillRunning
 .text          0x080036dc      0x19c FreeRTOS_Source/Full/PollQ.o
                0x080036dc                vStartPolledQueueTasks
                0x08003834                xArePollingQueuesStillRunning
 .text          0x08003878      0x2b0 FreeRTOS_Source/Full/semtest.o
                0x08003878                vStartSemaphoreTasks
                0x08003ac4                xAreSemaphoreTasksStillRunning
 .text          0x08003b28      0x410 FreeRTOS_Source/Full/QPeek.o
                0x08003b28                vStartQueuePeekTasks
                0x08003ef4                xAreQueuePeekTasksStillRunning
 .text          0x08003f38      0x72c FreeRTOS_Source/Full/GenQTest.o
                0x08003f38                vStartGenericQueueTasks
                0x08004600                xAreGenericQueueTasksStillRunning
 .text          0x08004664      0x324 FreeRTOS_Source/Full/recmutex.o
                0x08004664                vStartRecursiveMutexTasks
                0x080048f0                xAreRecursiveMutexTasksStillRunning
 .text          0x08004988      0x200 FreeRTOS_Source/portable/MemMang/heap_2.o
                0x08004988                pvPortMalloc
                0x08004aa4                vPortFree
                0x08004b14                xPortGetFreeHeapSize
                0x08004b2c                vPortInitialiseBlocks
 .text          0x08004b88       0xe4 Src/syscalls.o
                0x08004b88                _read_r
                0x08004ba4                _isatty
                0x08004bb0                _write_r
                0x08004bcc                _close_r
                0x08004be4                _lseek_r
                0x08004c00                _fstat_r
                0x08004c24                abort
                0x08004c2c                _sbrk_r
 .text          0x08004c6c      0x78c STLibrary/src/stm32f10x_nvic.o
                0x08004c6c                NVIC_DeInit
                0x08004ccc                NVIC_SCBDeInit
                0x08004d44                NVIC_PriorityGroupConfig
                0x08004d68                NVIC_Init
                0x08004e84                NVIC_StructInit
                0x08004eb0                NVIC_SETPRIMASK
                0x08004ebc                NVIC_RESETPRIMASK
                0x08004ec8                NVIC_SETFAULTMASK
                0x08004ed4                NVIC_RESETFAULTMASK
                0x08004ee0                NVIC_BASEPRICONFIG
                0x08004ef8                NVIC_GetBASEPRI
                0x08004f08                NVIC_GetCurrentPendingIRQChannel
                0x08004f2c                NVIC_GetIRQChannelPendingBitStatus
                0x08004f80                NVIC_SetIRQChannelPendingBit
                0x08004fa0                NVIC_ClearIRQChannelPendingBit
                0x08004fd4                NVIC_GetCurrentActiveHandler
                0x08004ff4                NVIC_GetIRQChannelActiveBitStatus
                0x08005048                NVIC_GetCPUID
                0x08005060                NVIC_SetVectorTable
                0x0800508c                NVIC_GenerateSystemReset
                0x080050a8                NVIC_GenerateCoreReset
                0x080050c4                NVIC_SystemLPConfig
                0x08005104                NVIC_SystemHandlerConfig
                0x08005154                NVIC_SystemHandlerPriorityConfig
                0x08005220                NVIC_GetSystemHandlerPendingBitStatus
                0x0800527c                NVIC_SetSystemHandlerPendingBit
                0x080052b0                NVIC_ClearSystemHandlerPendingBit
                0x080052e8                NVIC_GetSystemHandlerActiveBitStatus
                0x08005340                NVIC_GetFaultHandlerSources
                0x080053b8                NVIC_GetFaultAddress
 .text          0x080053f8      0x7e4 STLibrary/src/stm32f10x_rcc.o
                0x080053f8                RCC_DeInit
                0x08005454                RCC_HSEConfig
                0x080054b0                RCC_WaitForHSEStartUp
                0x08005510                RCC_AdjustHSICalibrationValue
                0x0800554c                RCC_HSICmd
                0x0800556c                RCC_PLLConfig
                0x080055a8                RCC_PLLCmd
                0x080055c8                RCC_SYSCLKConfig
                0x08005600                RCC_GetSYSCLKSource
                0x08005620                RCC_HCLKConfig
                0x08005658                RCC_PCLK1Config
                0x08005690                RCC_PCLK2Config
                0x080056c8                RCC_ITConfig
                0x08005714                RCC_USBCLKConfig
                0x08005730                RCC_ADCCLKConfig
                0x08005768                RCC_LSEConfig
                0x080057a8                RCC_LSICmd
                0x080057c8                RCC_RTCCLKConfig
                0x080057ec                RCC_RTCCLKCmd
                0x0800580c                RCC_GetClocksFreq
                0x08005968                RCC_AHBPeriphClockCmd
                0x080059a4                RCC_APB2PeriphClockCmd
                0x080059e0                RCC_APB1PeriphClockCmd
                0x08005a1c                RCC_APB2PeriphResetCmd
                0x08005a58                RCC_APB1PeriphResetCmd
                0x08005a94                RCC_BackupResetCmd
                0x08005ab4                RCC_ClockSecuritySystemCmd
                0x08005ad4                RCC_MCOConfig
                0x08005af4                RCC_GetFlagStatus
                0x08005b68                RCC_ClearFlag
                0x08005b84                RCC_GetITStatus
                0x08005bbc                RCC_ClearITPendingBit
 .text          0x08005bdc      0x14c STLibrary/src/stm32f10x_systick.o
                0x08005bdc                SysTick_CLKSourceConfig
                0x08005c14                SysTick_SetReload
                0x08005c30                SysTick_CounterCmd
                0x08005c78                SysTick_ITConfig
                0x08005cb0                SysTick_GetCounter
                0x08005cc8                SysTick_GetFlagStatus
 .text          0x08005d28     0x1af8 STLibrary/src/stm32f10x_tim.o
                0x08005d28                TIM_DeInit
                0x08005e30                TIM_TimeBaseInit
                0x08005eac                TIM_OC1Init
                0x08005fa4                TIM_OC2Init
                0x080060b8                TIM_OC3Init
                0x080061c8                TIM_OC4Init
                0x08006294                TIM_ICInit
                0x0800633c                TIM_PWMIConfig
                0x080063f4                TIM_BDTRConfig
                0x08006444                TIM_TimeBaseStructInit
                0x08006478                TIM_OCStructInit
                0x080064bc                TIM_ICStructInit
                0x080064ec                TIM_BDTRStructInit
                0x08006528                TIM_Cmd
                0x08006568                TIM_CtrlPWMOutputs
                0x080065b4                TIM_ITConfig
                0x080065fc                TIM_GenerateEvent
                0x08006618                TIM_DMAConfig
                0x08006640                TIM_DMACmd
                0x08006688                TIM_InternalClockConfig
                0x080066ac                TIM_ITRxExternalClockConfig
                0x080066d8                TIM_TIxExternalClockConfig
                0x08006738                TIM_ETRClockMode1Config
                0x08006794                TIM_ETRClockMode2Config
                0x080067d0                TIM_ETRConfig
                0x08006824                TIM_PrescalerConfig
                0x0800684c                TIM_CounterModeConfig
                0x08006888                TIM_SelectInputTrigger
                0x080068c0                TIM_EncoderInterfaceConfig
                0x08006958                TIM_ForcedOC1Config
                0x08006990                TIM_ForcedOC2Config
                0x080069cc                TIM_ForcedOC3Config
                0x08006a04                TIM_ForcedOC4Config
                0x08006a40                TIM_ARRPreloadConfig
                0x08006a80                TIM_SelectCOM
                0x08006ac0                TIM_SelectCCDMA
                0x08006b00                TIM_CCPreloadControl
                0x08006b40                TIM_OC1PreloadConfig
                0x08006b78                TIM_OC2PreloadConfig
                0x08006bb4                TIM_OC3PreloadConfig
                0x08006bec                TIM_OC4PreloadConfig
                0x08006c28                TIM_OC1FastConfig
                0x08006c60                TIM_OC2FastConfig
                0x08006c9c                TIM_OC3FastConfig
                0x08006cd4                TIM_OC4FastConfig
                0x08006d10                TIM_ClearOC1Ref
                0x08006d48                TIM_ClearOC2Ref
                0x08006d84                TIM_ClearOC3Ref
                0x08006dbc                TIM_ClearOC4Ref
                0x08006df8                TIM_OC1PolarityConfig
                0x08006e30                TIM_OC1NPolarityConfig
                0x08006e68                TIM_OC2PolarityConfig
                0x08006ea4                TIM_OC2NPolarityConfig
                0x08006ee0                TIM_OC3PolarityConfig
                0x08006f1c                TIM_OC3NPolarityConfig
                0x08006f58                TIM_OC4PolarityConfig
                0x08006f94                TIM_CCxCmd
                0x08006fe4                TIM_CCxNCmd
                0x08007034                TIM_SelectOCxM
                0x08007100                TIM_UpdateDisableConfig
                0x08007140                TIM_UpdateRequestConfig
                0x08007180                TIM_SelectHallSensor
                0x080071c0                TIM_SelectOnePulseMode
                0x080071f8                TIM_SelectOutputTrigger
                0x08007230                TIM_SelectSlaveMode
                0x08007268                TIM_SelectMasterSlaveMode
                0x080072a0                TIM_SetCounter
                0x080072bc                TIM_SetAutoreload
                0x080072d8                TIM_SetCompare1
                0x080072f4                TIM_SetCompare2
                0x08007310                TIM_SetCompare3
                0x0800732c                TIM_SetCompare4
                0x0800734c                TIM_SetIC1Prescaler
                0x08007384                TIM_SetIC2Prescaler
                0x080073c0                TIM_SetIC3Prescaler
                0x080073f8                TIM_SetIC4Prescaler
                0x08007434                TIM_SetClockDivision
                0x08007468                TIM_GetCapture1
                0x08007484                TIM_GetCapture2
                0x080074a0                TIM_GetCapture3
                0x080074bc                TIM_GetCapture4
                0x080074d8                TIM_GetCounter
                0x080074f4                TIM_GetPrescaler
                0x08007510                TIM_GetFlagStatus
                0x08007548                TIM_ClearFlag
                0x08007568                TIM_GetITStatus
                0x080075bc                TIM_ClearITPendingBit
 .text          0x08007820       0x6e STLibrary/src/cortexm3_macro.o
                0x08007820                __WFI
                0x08007824                __WFE
                0x08007828                __SEV
                0x0800782c                __ISB
                0x08007832                __DSB
                0x08007838                __DMB
                0x0800783e                __SVC
                0x08007842                __MRS_CONTROL
                0x08007848                __MSR_CONTROL
                0x08007852                __MRS_PSP
                0x08007858                __MSR_PSP
                0x0800785e                __MRS_MSP
                0x08007864                __MSR_MSP
                0x0800786a                __SETPRIMASK
                0x0800786e                __RESETPRIMASK
                0x08007872                __SETFAULTMASK
                0x08007876                __RESETFAULTMASK
                0x0800787a                __BASEPRICONFIG
                0x08007880                __GetBASEPRI
                0x08007886                __REV_HalfWord
                0x0800788a                __REV_Word
 *fill*         0x0800788e        0x2 
 .text          0x08007890       0x6c STLibrary/src/stm32f10x_vector.o
                0x08007890                Reset_Handler
 .text          0x080078fc      0x11c d:/gcc-arm-none-eabi/bin/../lib/gcc/arm-none-eabi/4.9.3/thumb\libgcc.a(_udivsi3.o)
                0x080078fc                __aeabi_uidiv
                0x080078fc                __udivsi3
                0x080079f8                __aeabi_uidivmod
 .text          0x08007a18      0x150 d:/gcc-arm-none-eabi/bin/../lib/gcc/arm-none-eabi/4.9.3/thumb\libgcc.a(_divsi3.o)
                0x08007a18                __divsi3
                0x08007a18                __aeabi_idiv
                0x08007b48                __aeabi_idivmod
 .text          0x08007b68        0x4 d:/gcc-arm-none-eabi/bin/../lib/gcc/arm-none-eabi/4.9.3/thumb\libgcc.a(_dvmd_tls.o)
                0x08007b68                __aeabi_idiv0
                0x08007b68                __aeabi_ldiv0
 .text          0x08007b6c      0x41c d:/gcc-arm-none-eabi/bin/../lib/gcc/arm-none-eabi/4.9.3/thumb\libgcc.a(_arm_addsubdf3.o)
                0x08007b6c                __aeabi_drsub
                0x08007b74                __aeabi_dsub
                0x08007b74                __subdf3
                0x08007b78                __aeabi_dadd
                0x08007b78                __adddf3
                0x08007e88                __floatunsidf
                0x08007e88                __aeabi_ui2d
                0x08007eac                __floatsidf
                0x08007eac                __aeabi_i2d
                0x08007ed4                __aeabi_f2d
                0x08007ed4                __extendsfdf2
                0x08007f14                __floatundidf
                0x08007f14                __aeabi_ul2d
                0x08007f28                __floatdidf
                0x08007f28                __aeabi_l2d
 .text          0x08007f88      0x49c d:/gcc-arm-none-eabi/bin/../lib/gcc/arm-none-eabi/4.9.3/thumb\libgcc.a(_arm_muldivdf3.o)
                0x08007f88                __aeabi_dmul
                0x08007f88                __muldf3
                0x08008218                __divdf3
                0x08008218                __aeabi_ddiv
 .text          0x08008424      0x144 d:/gcc-arm-none-eabi/bin/../lib/gcc/arm-none-eabi/4.9.3/thumb\libgcc.a(_arm_cmpdf2.o)
                0x08008424                __gtdf2
                0x08008424                __gedf2
                0x0800842c                __ltdf2
                0x0800842c                __ledf2
                0x08008434                __nedf2
                0x08008434                __eqdf2
                0x08008434                __cmpdf2
                0x080084bc                __aeabi_cdrcmple
                0x080084d8                __aeabi_cdcmpeq
                0x080084d8                __aeabi_cdcmple
                0x080084f0                __aeabi_dcmpeq
                0x08008508                __aeabi_dcmplt
                0x08008520                __aeabi_dcmple
                0x08008538                __aeabi_dcmpge
                0x08008550                __aeabi_dcmpgt
 .text          0x08008568       0x5c d:/gcc-arm-none-eabi/bin/../lib/gcc/arm-none-eabi/4.9.3/thumb\libgcc.a(_arm_fixdfsi.o)
                0x08008568                __aeabi_d2iz
                0x08008568                __fixdfsi
 .text          0x080085c4       0x3c d:/gcc-arm-none-eabi/bin/../lib/gcc/arm-none-eabi/4.9.3/thumb\libgcc.a(_aeabi_uldivmod.o)
                0x080085c4                __aeabi_uldivmod
 .text          0x08008600       0x74 d:/gcc-arm-none-eabi/bin/../lib/gcc/arm-none-eabi/4.9.3/thumb\libgcc.a(bpabi.o)
                0x08008600                __gnu_ldivmod_helper
                0x0800863c                __gnu_uldivmod_helper
 .text          0x08008674       0x60 d:/gcc-arm-none-eabi/bin/../lib/gcc/arm-none-eabi/4.9.3/thumb\libgcc.a(_muldi3.o)
                0x08008674                __muldi3
                0x08008674                __aeabi_lmul
 .text          0x080086d4      0x1f4 d:/gcc-arm-none-eabi/bin/../lib/gcc/arm-none-eabi/4.9.3/thumb\libgcc.a(_divdi3.o)
                0x080086d4                __divdi3
 .text          0x080088c8      0x15c d:/gcc-arm-none-eabi/bin/../lib/gcc/arm-none-eabi/4.9.3/thumb\libgcc.a(_udivdi3.o)
                0x080088c8                __udivdi3
 .text          0x08008a24       0x28 d:/gcc-arm-none-eabi/bin/../lib/gcc/arm-none-eabi/4.9.3/thumb\libgcc.a(_clzdi2.o)
                0x08008a24                __clzdi2
 .text          0x08008a4c       0x48 d:/gcc-arm-none-eabi/bin/../lib/gcc/arm-none-eabi/4.9.3/thumb\libgcc.a(_clzsi2.o)
                0x08008a4c                __clzsi2
 *(.text.*)
 .text.memcmp   0x08008a94       0x54 d:/gcc-arm-none-eabi/bin/../lib/gcc/arm-none-eabi/4.9.3/../../../../arm-none-eabi/lib/thumb\libc.a(lib_a-memcmp.o)
                0x08008a94                memcmp
 .text.memcpy   0x08008ae8       0x80 d:/gcc-arm-none-eabi/bin/../lib/gcc/arm-none-eabi/4.9.3/../../../../arm-none-eabi/lib/thumb\libc.a(lib_a-memcpy.o)
                0x08008ae8                memcpy
 .text.memset   0x08008b68       0x94 d:/gcc-arm-none-eabi/bin/../lib/gcc/arm-none-eabi/4.9.3/../../../../arm-none-eabi/lib/thumb\libc.a(lib_a-memset.o)
                0x08008b68                memset
 .text.sprintf  0x08008bfc       0x44 d:/gcc-arm-none-eabi/bin/../lib/gcc/arm-none-eabi/4.9.3/../../../../arm-none-eabi/lib/thumb\libc.a(lib_a-sprintf.o)
                0x08008bfc                sprintf
 .text.strcpy   0x08008c40       0x10 d:/gcc-arm-none-eabi/bin/../lib/gcc/arm-none-eabi/4.9.3/../../../../arm-none-eabi/lib/thumb\libc.a(lib_a-strcpy.o)
                0x08008c40                strcpy
 .text.strlen   0x08008c50       0x6c d:/gcc-arm-none-eabi/bin/../lib/gcc/arm-none-eabi/4.9.3/../../../../arm-none-eabi/lib/thumb\libc.a(lib_a-strlen.o)
                0x08008c50                strlen
 .text._svfprintf_r
                0x08008cbc     0x1548 d:/gcc-arm-none-eabi/bin/../lib/gcc/arm-none-eabi/4.9.3/../../../../arm-none-eabi/lib/thumb\libc.a(lib_a-svfprintf.o)
                0x08008cbc                _svfprintf_r
 .text.quorem   0x0800a204      0x160 d:/gcc-arm-none-eabi/bin/../lib/gcc/arm-none-eabi/4.9.3/../../../../arm-none-eabi/lib/thumb\libc.a(lib_a-dtoa.o)
 .text._dtoa_r  0x0800a364     0x1068 d:/gcc-arm-none-eabi/bin/../lib/gcc/arm-none-eabi/4.9.3/../../../../arm-none-eabi/lib/thumb\libc.a(lib_a-dtoa.o)
                0x0800a364                _dtoa_r
 .text._malloc_trim_r
                0x0800b3cc       0xa4 d:/gcc-arm-none-eabi/bin/../lib/gcc/arm-none-eabi/4.9.3/../../../../arm-none-eabi/lib/thumb\libc.a(lib_a-freer.o)
                0x0800b3cc                _malloc_trim_r
 .text._free_r  0x0800b470      0x1b4 d:/gcc-arm-none-eabi/bin/../lib/gcc/arm-none-eabi/4.9.3/../../../../arm-none-eabi/lib/thumb\libc.a(lib_a-freer.o)
                0x0800b470                _free_r
 .text._localeconv_r
                0x0800b624        0x8 d:/gcc-arm-none-eabi/bin/../lib/gcc/arm-none-eabi/4.9.3/../../../../arm-none-eabi/lib/thumb\libc.a(lib_a-locale.o)
                0x0800b624                _localeconv_r
 .text.malloc   0x0800b62c       0x18 d:/gcc-arm-none-eabi/bin/../lib/gcc/arm-none-eabi/4.9.3/../../../../arm-none-eabi/lib/thumb\libc.a(lib_a-malloc.o)
                0x0800b62c                malloc
 .text._malloc_r
                0x0800b644      0x54c d:/gcc-arm-none-eabi/bin/../lib/gcc/arm-none-eabi/4.9.3/../../../../arm-none-eabi/lib/thumb\libc.a(lib_a-mallocr.o)
                0x0800b644                _malloc_r
 .text.memchr   0x0800bb90       0x8c d:/gcc-arm-none-eabi/bin/../lib/gcc/arm-none-eabi/4.9.3/../../../../arm-none-eabi/lib/thumb\libc.a(lib_a-memchr.o)
                0x0800bb90                memchr
 .text.__malloc_lock
                0x0800bc1c        0x4 d:/gcc-arm-none-eabi/bin/../lib/gcc/arm-none-eabi/4.9.3/../../../../arm-none-eabi/lib/thumb\libc.a(lib_a-mlock.o)
                0x0800bc1c                __malloc_lock
 .text.__malloc_unlock
                0x0800bc20        0x4 d:/gcc-arm-none-eabi/bin/../lib/gcc/arm-none-eabi/4.9.3/../../../../arm-none-eabi/lib/thumb\libc.a(lib_a-mlock.o)
                0x0800bc20                __malloc_unlock
 .text._Balloc  0x0800bc24       0x70 d:/gcc-arm-none-eabi/bin/../lib/gcc/arm-none-eabi/4.9.3/../../../../arm-none-eabi/lib/thumb\libc.a(lib_a-mprec.o)
                0x0800bc24                _Balloc
 .text._Bfree   0x0800bc94       0x38 d:/gcc-arm-none-eabi/bin/../lib/gcc/arm-none-eabi/4.9.3/../../../../arm-none-eabi/lib/thumb\libc.a(lib_a-mprec.o)
                0x0800bc94                _Bfree
 .text.__multadd
                0x0800bccc       0x90 d:/gcc-arm-none-eabi/bin/../lib/gcc/arm-none-eabi/4.9.3/../../../../arm-none-eabi/lib/thumb\libc.a(lib_a-mprec.o)
                0x0800bccc                __multadd
 .text.__hi0bits
                0x0800bd5c       0x3c d:/gcc-arm-none-eabi/bin/../lib/gcc/arm-none-eabi/4.9.3/../../../../arm-none-eabi/lib/thumb\libc.a(lib_a-mprec.o)
                0x0800bd5c                __hi0bits
 .text.__lo0bits
                0x0800bd98       0x5c d:/gcc-arm-none-eabi/bin/../lib/gcc/arm-none-eabi/4.9.3/../../../../arm-none-eabi/lib/thumb\libc.a(lib_a-mprec.o)
                0x0800bd98                __lo0bits
 .text.__i2b    0x0800bdf4       0x18 d:/gcc-arm-none-eabi/bin/../lib/gcc/arm-none-eabi/4.9.3/../../../../arm-none-eabi/lib/thumb\libc.a(lib_a-mprec.o)
                0x0800bdf4                __i2b
 .text.__multiply
                0x0800be0c      0x170 d:/gcc-arm-none-eabi/bin/../lib/gcc/arm-none-eabi/4.9.3/../../../../arm-none-eabi/lib/thumb\libc.a(lib_a-mprec.o)
                0x0800be0c                __multiply
 .text.__pow5mult
                0x0800bf7c       0xc8 d:/gcc-arm-none-eabi/bin/../lib/gcc/arm-none-eabi/4.9.3/../../../../arm-none-eabi/lib/thumb\libc.a(lib_a-mprec.o)
                0x0800bf7c                __pow5mult
 .text.__lshift
                0x0800c044       0xc8 d:/gcc-arm-none-eabi/bin/../lib/gcc/arm-none-eabi/4.9.3/../../../../arm-none-eabi/lib/thumb\libc.a(lib_a-mprec.o)
                0x0800c044                __lshift
 .text.__mcmp   0x0800c10c       0x3c d:/gcc-arm-none-eabi/bin/../lib/gcc/arm-none-eabi/4.9.3/../../../../arm-none-eabi/lib/thumb\libc.a(lib_a-mprec.o)
                0x0800c10c                __mcmp
 .text.__mdiff  0x0800c148       0xf0 d:/gcc-arm-none-eabi/bin/../lib/gcc/arm-none-eabi/4.9.3/../../../../arm-none-eabi/lib/thumb\libc.a(lib_a-mprec.o)
                0x0800c148                __mdiff
 .text.__d2b    0x0800c238       0xc0 d:/gcc-arm-none-eabi/bin/../lib/gcc/arm-none-eabi/4.9.3/../../../../arm-none-eabi/lib/thumb\libc.a(lib_a-mprec.o)
                0x0800c238                __d2b
 .text.__fpclassifyd
                0x0800c2f8       0x5c d:/gcc-arm-none-eabi/bin/../lib/gcc/arm-none-eabi/4.9.3/../../../../arm-none-eabi/lib/thumb\libc.a(lib_a-s_fpclassify.o)
                0x0800c2f8                __fpclassifyd
 .text.frexp    0x0800c354       0x74 d:/gcc-arm-none-eabi/bin/../lib/gcc/arm-none-eabi/4.9.3/../../../../arm-none-eabi/lib/thumb\libc.a(lib_a-s_frexp.o)
                0x0800c354                frexp
 .text.strncpy  0x0800c3c8       0x7c d:/gcc-arm-none-eabi/bin/../lib/gcc/arm-none-eabi/4.9.3/../../../../arm-none-eabi/lib/thumb\libc.a(lib_a-strncpy.o)
                0x0800c3c8                strncpy
 .text.__ssputs_r
                0x0800c444       0xe0 d:/gcc-arm-none-eabi/bin/../lib/gcc/arm-none-eabi/4.9.3/../../../../arm-none-eabi/lib/thumb\libc.a(lib_a-svfiprintf.o)
                0x0800c444                __ssputs_r
 .text._calloc_r
                0x0800c524       0x64 d:/gcc-arm-none-eabi/bin/../lib/gcc/arm-none-eabi/4.9.3/../../../../arm-none-eabi/lib/thumb\libc.a(lib_a-callocr.o)
                0x0800c524                _calloc_r
 .text.memmove  0x0800c588       0x9c d:/gcc-arm-none-eabi/bin/../lib/gcc/arm-none-eabi/4.9.3/../../../../arm-none-eabi/lib/thumb\libc.a(lib_a-memmove.o)
                0x0800c588                memmove
 .text._realloc_r
                0x0800c624      0x3dc d:/gcc-arm-none-eabi/bin/../lib/gcc/arm-none-eabi/4.9.3/../../../../arm-none-eabi/lib/thumb\libc.a(lib_a-reallocr.o)
                0x0800c624                _realloc_r
                0x0800ca00                . = ALIGN (0x4)
 *(.rodata)
 .rodata        0x0800ca00       0x9c Src/main.o
 .rodata        0x0800ca9c       0x44 FreeRTOS_Source/tasks.o
 .rodata        0x0800cae0       0x30 FreeRTOS_Source/Full/BlockQ.o
 .rodata        0x0800cb10        0x8 FreeRTOS_Source/Full/integer.o
 .rodata        0x0800cb18       0x10 FreeRTOS_Source/Full/PollQ.o
 .rodata        0x0800cb28       0x20 FreeRTOS_Source/Full/semtest.o
 .rodata        0x0800cb48       0x20 FreeRTOS_Source/Full/QPeek.o
 .rodata        0x0800cb68       0x20 FreeRTOS_Source/Full/GenQTest.o
 .rodata        0x0800cb88       0x18 FreeRTOS_Source/Full/recmutex.o
 .rodata        0x0800cba0       0x14 STLibrary/src/stm32f10x_rcc.o
 *(.rodata*)
 .rodata.str1.4
                0x0800cbb4        0x2 d:/gcc-arm-none-eabi/bin/../lib/gcc/arm-none-eabi/4.9.3/../../../../arm-none-eabi/lib/thumb\libc.a(lib_a-impure.o)
                                  0x4 (size before relaxing)
 *fill*         0x0800cbb6        0x2 
 .rodata._svfprintf_r
                0x0800cbb8      0x16c d:/gcc-arm-none-eabi/bin/../lib/gcc/arm-none-eabi/4.9.3/../../../../arm-none-eabi/lib/thumb\libc.a(lib_a-svfprintf.o)
 .rodata.zeroes.6926
                0x0800cd24       0x10 d:/gcc-arm-none-eabi/bin/../lib/gcc/arm-none-eabi/4.9.3/../../../../arm-none-eabi/lib/thumb\libc.a(lib_a-svfprintf.o)
 .rodata.str1.4
                0x0800cd34       0x42 d:/gcc-arm-none-eabi/bin/../lib/gcc/arm-none-eabi/4.9.3/../../../../arm-none-eabi/lib/thumb\libc.a(lib_a-svfprintf.o)
                                 0x44 (size before relaxing)
 *fill*         0x0800cd76        0x2 
 .rodata.blanks.6925
                0x0800cd78       0x10 d:/gcc-arm-none-eabi/bin/../lib/gcc/arm-none-eabi/4.9.3/../../../../arm-none-eabi/lib/thumb\libc.a(lib_a-svfprintf.o)
 .rodata.str1.4
                0x0800cd88       0x10 d:/gcc-arm-none-eabi/bin/../lib/gcc/arm-none-eabi/4.9.3/../../../../arm-none-eabi/lib/thumb\libc.a(lib_a-dtoa.o)
                                 0x14 (size before relaxing)
 .rodata.str1.4
                0x0800cd98        0xc d:/gcc-arm-none-eabi/bin/../lib/gcc/arm-none-eabi/4.9.3/../../../../arm-none-eabi/lib/thumb\libc.a(lib_a-locale.o)
                                 0x14 (size before relaxing)
 *fill*         0x0800cda4        0x4 
 .rodata.__mprec_tens
                0x0800cda8       0xc8 d:/gcc-arm-none-eabi/bin/../lib/gcc/arm-none-eabi/4.9.3/../../../../arm-none-eabi/lib/thumb\libc.a(lib_a-mprec.o)
                0x0800cda8                __mprec_tens
 .rodata.__mprec_bigtens
                0x0800ce70       0x28 d:/gcc-arm-none-eabi/bin/../lib/gcc/arm-none-eabi/4.9.3/../../../../arm-none-eabi/lib/thumb\libc.a(lib_a-mprec.o)
                0x0800ce70                __mprec_bigtens
 .rodata.p05.5305
                0x0800ce98        0xc d:/gcc-arm-none-eabi/bin/../lib/gcc/arm-none-eabi/4.9.3/../../../../arm-none-eabi/lib/thumb\libc.a(lib_a-mprec.o)
                0x0800cea4                . = ALIGN (0x4)
 *(.glue_7)
 .glue_7        0x0800cea4        0x0 linker stubs
 *(.glue_7t)
 .glue_7t       0x0800cea4        0x0 linker stubs
                0x0800cea4                . = ALIGN (0x4)
 *(.gnu.linkonce.t.*)
 *(.gnu.linkonce.r.*)
                0x0800cea4                . = ALIGN (0x4)
 *(.ARM.extab* .gnu.linkonce.armextab.*)
                0x0800cea4                . = ALIGN (0x4)
 *(.gcc_except_table)
                0x0800cea4                . = ALIGN (0x4)
 *(.vfp11_veneer)
 .vfp11_veneer  0x0800cea4        0x0 linker stubs
                0x0800cea4                . = ALIGN (0x4)
                0x0800cea4                PROVIDE (__ctors_start__, .)
 *(SORT(.ctors.*))
 *(.ctors)
                0x0800cea4                PROVIDE (__ctors_end__, .)
                0x0800cea4                . = ALIGN (0x4)
                0x0800cea4                PROVIDE (__dtors_start__, .)
 *(SORT(.dtors.*))
 *(.dtors)
                0x0800cea4                PROVIDE (__dtors_end__, .)
                0x0800cea4                . = ALIGN (0x4)
 *(.init)
 .init          0x0800cea4        0x4 d:/gcc-arm-none-eabi/bin/../lib/gcc/arm-none-eabi/4.9.3/thumb/crti.o
                0x0800cea4                _init
 .init          0x0800cea8        0x8 d:/gcc-arm-none-eabi/bin/../lib/gcc/arm-none-eabi/4.9.3/thumb/crtn.o
                0x0800ceb0                . = ALIGN (0x4)
                0x0800ceb0                __preinit_array_start = .
 *(.preinit_array)
                0x0800ceb0                . = ALIGN (0x4)
                0x0800ceb0                __preinit_array_end = .
                0x0800ceb0                __init_array_start = .
 *(SORT(.init_array.*))
                0x0800ceb0                . = ALIGN (0x4)
 *(.init_array)
 .init_array    0x0800ceb0        0x4 d:/gcc-arm-none-eabi/bin/../lib/gcc/arm-none-eabi/4.9.3/thumb/crtbegin.o
                0x0800ceb4                . = ALIGN (0x4)
                0x0800ceb4                __init_array_end = .
 *(.fini)
 .fini          0x0800ceb4        0x4 d:/gcc-arm-none-eabi/bin/../lib/gcc/arm-none-eabi/4.9.3/thumb/crti.o
                0x0800ceb4                _fini
 .fini          0x0800ceb8        0x8 d:/gcc-arm-none-eabi/bin/../lib/gcc/arm-none-eabi/4.9.3/thumb/crtn.o
 .fini.__stub   0x0800cec0       0x10 linker stubs
                0x0800ced0                . = ALIGN (0x4)
                0x0800ced0                __fini_array_start = .
 *(.fini_array)
 .fini_array    0x0800ced0        0x4 d:/gcc-arm-none-eabi/bin/../lib/gcc/arm-none-eabi/4.9.3/thumb/crtbegin.o
                0x0800ced4                . = ALIGN (0x4)
 *(SORT(.fini_array.*))
                0x0800ced4                . = ALIGN (0x4)
                0x0800ced4                __fini_array_end = .
                0x0800ced4                _etext = .
                0x0800ced4                _sidata = _etext

.v4_bx          0x0800ced4        0x0
 .v4_bx         0x0800ced4        0x0 linker stubs

.iplt           0x0800ced4        0x0
 .iplt          0x0800ced4        0x0 d:/gcc-arm-none-eabi/bin/../lib/gcc/arm-none-eabi/4.9.3/thumb/crtbegin.o

.rel.dyn        0x0800ced4        0x0
 .rel.iplt      0x0800ced4        0x0 d:/gcc-arm-none-eabi/bin/../lib/gcc/arm-none-eabi/4.9.3/thumb/crtbegin.o

.data           0x20000000      0x4b8 load address 0x0800ced4
                0x20000000                . = ALIGN (0x4)
                0x20000000                _sdata = .
 *(.data)
 .data          0x20000000        0x4 FreeRTOS_Source/tasks.o
 .data          0x20000004        0x4 FreeRTOS_Source/portable/GCC/ARM_CM3/port.o
 .data          0x20000008        0x4 FreeRTOS_Source/portable/MemMang/heap_2.o
 *(.data.*)
 .data.impure_data
                0x2000000c       0x60 d:/gcc-arm-none-eabi/bin/../lib/gcc/arm-none-eabi/4.9.3/../../../../arm-none-eabi/lib/thumb\libc.a(lib_a-impure.o)
 .data._impure_ptr
                0x2000006c        0x4 d:/gcc-arm-none-eabi/bin/../lib/gcc/arm-none-eabi/4.9.3/../../../../arm-none-eabi/lib/thumb\libc.a(lib_a-impure.o)
                0x2000006c                _impure_ptr
 .data.lconv    0x20000070       0x38 d:/gcc-arm-none-eabi/bin/../lib/gcc/arm-none-eabi/4.9.3/../../../../arm-none-eabi/lib/thumb\libc.a(lib_a-locale.o)
 .data.__malloc_av_
                0x200000a8      0x408 d:/gcc-arm-none-eabi/bin/../lib/gcc/arm-none-eabi/4.9.3/../../../../arm-none-eabi/lib/thumb\libc.a(lib_a-mallocr.o)
                0x200000a8                __malloc_av_
 .data.__malloc_trim_threshold
                0x200004b0        0x4 d:/gcc-arm-none-eabi/bin/../lib/gcc/arm-none-eabi/4.9.3/../../../../arm-none-eabi/lib/thumb\libc.a(lib_a-mallocr.o)
                0x200004b0                __malloc_trim_threshold
 .data.__malloc_sbrk_base
                0x200004b4        0x4 d:/gcc-arm-none-eabi/bin/../lib/gcc/arm-none-eabi/4.9.3/../../../../arm-none-eabi/lib/thumb\libc.a(lib_a-mallocr.o)
                0x200004b4                __malloc_sbrk_base
 *(.gnu.linkonce.d.*)
                0x200004b8                . = ALIGN (0x4)
                0x200004b8                _edata = .

.jcr            0x200004b8        0x0 load address 0x0800d38c
 .jcr           0x200004b8        0x0 d:/gcc-arm-none-eabi/bin/../lib/gcc/arm-none-eabi/4.9.3/thumb/crtbegin.o

.igot.plt       0x200004b8        0x0 load address 0x0800d38c
 .igot.plt      0x200004b8        0x0 d:/gcc-arm-none-eabi/bin/../lib/gcc/arm-none-eabi/4.9.3/thumb/crtbegin.o

.bss            0x200004b8     0x2a34 load address 0x0800d38c
                0x200004b8                . = ALIGN (0x4)
                0x200004b8                _sbss = .
 *(.bss)
 .bss           0x200004b8       0x1c d:/gcc-arm-none-eabi/bin/../lib/gcc/arm-none-eabi/4.9.3/thumb/crtbegin.o
 .bss           0x200004d4        0x4 Src/main.o
 .bss           0x200004d8       0x10 Src/timertest.o
                0x200004d8                usMaxJitter
                0x200004dc                ulRunTimeStatsClock
 .bss           0x200004e8      0x104 FreeRTOS_Source/tasks.o
                0x200004e8                pxCurrentTCB
 .bss           0x200005ec       0x20 FreeRTOS_Source/Full/BlockQ.o
 .bss           0x2000060c        0x4 FreeRTOS_Source/Full/integer.o
 .bss           0x20000610        0xc FreeRTOS_Source/Full/PollQ.o
 .bss           0x2000061c       0x14 FreeRTOS_Source/Full/semtest.o
 .bss           0x20000630        0xc FreeRTOS_Source/Full/QPeek.o
 .bss           0x2000063c       0x20 FreeRTOS_Source/Full/GenQTest.o
 .bss           0x2000065c       0x30 FreeRTOS_Source/Full/recmutex.o
 .bss           0x2000068c     0x2814 FreeRTOS_Source/portable/MemMang/heap_2.o
 .bss           0x20002ea0        0x4 Src/syscalls.o
 .bss           0x20002ea4        0x8 STLibrary/src/stm32f10x_rcc.o
 *(.bss.*)
 .bss.__malloc_max_total_mem
                0x20002eac        0x4 d:/gcc-arm-none-eabi/bin/../lib/gcc/arm-none-eabi/4.9.3/../../../../arm-none-eabi/lib/thumb\libc.a(lib_a-mallocr.o)
                0x20002eac                __malloc_max_total_mem
 .bss.__malloc_max_sbrked_mem
                0x20002eb0        0x4 d:/gcc-arm-none-eabi/bin/../lib/gcc/arm-none-eabi/4.9.3/../../../../arm-none-eabi/lib/thumb\libc.a(lib_a-mallocr.o)
                0x20002eb0                __malloc_max_sbrked_mem
 .bss.__malloc_top_pad
                0x20002eb4        0x4 d:/gcc-arm-none-eabi/bin/../lib/gcc/arm-none-eabi/4.9.3/../../../../arm-none-eabi/lib/thumb\libc.a(lib_a-mallocr.o)
                0x20002eb4                __malloc_top_pad
 .bss.__malloc_current_mallinfo
                0x20002eb8       0x28 d:/gcc-arm-none-eabi/bin/../lib/gcc/arm-none-eabi/4.9.3/../../../../arm-none-eabi/lib/thumb\libc.a(lib_a-mallocr.o)
                0x20002eb8                __malloc_current_mallinfo
 *(.gnu.linkonce.b.*)
 *(COMMON)
 COMMON         0x20002ee0        0xc FreeRTOS_Source/Full/QPeek.o
                0x20002ee0                xHighPriorityTask
                0x20002ee4                xMediumPriorityTask
                0x20002ee8                xHighestPriorityTask
                0x20002eec                . = ALIGN (0x4)
                0x20002eec                _ebss = .
                0x20002eec                PROVIDE (end, _ebss)
                0x20002eec                PROVIDE (_end, _ebss)

._heap          0x20002eec        0x4 load address 0x0800fdc0
                0x20002eec                . = ALIGN (0x4)
                0x20002eec                _heap_start = .
                0x20002ef0                . = (. + 0x4)
 *fill*         0x20002eec        0x4 
                0x20002eec                PROVIDE (__heap_start, _heap_start)
                0x2000ff00                PROVIDE (__heap_end, (_estack - _sys_stack_size))

.b1text
 *(.b1text)
 *(.b1rodata)
 *(.b1rodata*)

.eb0text
 *(.eb0text)
 *(.eb0rodata)
 *(.eb0rodata*)

.eb1text
 *(.eb1text)
 *(.eb1rodata)
 *(.eb1rodata*)

.eb2text
 *(.eb2text)
 *(.eb2rodata)
 *(.eb2rodata*)

.eb3text
 *(.eb3text)
 *(.eb3rodata)
 *(.eb3rodata*)

/DISCARD/
 libc.a(*)
 libm.a(*)
 libgcc.a(*)
 *(.note.GNU-stack)

.stab
 *(.stab)

.stabstr
 *(.stabstr)

.stab.excl
 *(.stab.excl)

.stab.exclstr
 *(.stab.exclstr)

.stab.index
 *(.stab.index)

.stab.indexstr
 *(.stab.indexstr)

.comment        0x00000000       0x6a
 *(.comment)
 .comment       0x00000000       0x6a d:/gcc-arm-none-eabi/bin/../lib/gcc/arm-none-eabi/4.9.3/thumb/crtbegin.o
                                 0x6b (size before relaxing)
 .comment       0x0000006a       0x6b Src/main.o
 .comment       0x0000006a       0x6b Src/stm32f10x_it.o
 .comment       0x0000006a       0x6b Src/Stm32l_level.o
 .comment       0x0000006a       0x6b Src/Lcd3310.o
 .comment       0x0000006a       0x6b Src/StringsConv.o
 .comment       0x0000006a       0x6b Src/ParTest.o
 .comment       0x0000006a       0x6b Src/timertest.o
 .comment       0x0000006a       0x6b FreeRTOS_Source/croutine.o
 .comment       0x0000006a       0x6b FreeRTOS_Source/event_groups.o
 .comment       0x0000006a       0x6b FreeRTOS_Source/list.o
 .comment       0x0000006a       0x6b FreeRTOS_Source/queue.o
 .comment       0x0000006a       0x6b FreeRTOS_Source/tasks.o
 .comment       0x0000006a       0x6b FreeRTOS_Source/timers.o
 .comment       0x0000006a       0x6b FreeRTOS_Source/portable/GCC/ARM_CM3/port.o
 .comment       0x0000006a       0x6b FreeRTOS_Source/Full/BlockQ.o
 .comment       0x0000006a       0x6b FreeRTOS_Source/Full/comtest.o
 .comment       0x0000006a       0x6b FreeRTOS_Source/Full/death.o
 .comment       0x0000006a       0x6b FreeRTOS_Source/Full/dynamic.o
 .comment       0x0000006a       0x6b FreeRTOS_Source/Full/events.o
 .comment       0x0000006a       0x6b FreeRTOS_Source/Full/flash.o
 .comment       0x0000006a       0x6b FreeRTOS_Source/Full/integer.o
 .comment       0x0000006a       0x6b FreeRTOS_Source/Full/PollQ.o
 .comment       0x0000006a       0x6b FreeRTOS_Source/Full/print.o
 .comment       0x0000006a       0x6b FreeRTOS_Source/Full/semtest.o
 .comment       0x0000006a       0x6b FreeRTOS_Source/Full/QPeek.o
 .comment       0x0000006a       0x6b FreeRTOS_Source/Full/GenQTest.o
 .comment       0x0000006a       0x6b FreeRTOS_Source/Full/recmutex.o
 .comment       0x0000006a       0x6b FreeRTOS_Source/portable/MemMang/heap_2.o
 .comment       0x0000006a       0x6b Src/syscalls.o
 .comment       0x0000006a       0x6b STLibrary/src/stm32f10x_gpio.o
 .comment       0x0000006a       0x6b STLibrary/src/stm32f10x_nvic.o
 .comment       0x0000006a       0x6b STLibrary/src/stm32f10x_rcc.o
 .comment       0x0000006a       0x6b STLibrary/src/stm32f10x_systick.o
 .comment       0x0000006a       0x6b STLibrary/src/stm32f10x_tim.o
 .comment       0x0000006a       0x6b STLibrary/src/stm32f10x_vector.o
 .comment       0x0000006a       0x6b d:/gcc-arm-none-eabi/bin/../lib/gcc/arm-none-eabi/4.9.3/../../../../arm-none-eabi/lib/thumb\libc.a(lib_a-exit.o)
 .comment       0x0000006a       0x6b d:/gcc-arm-none-eabi/bin/../lib/gcc/arm-none-eabi/4.9.3/../../../../arm-none-eabi/lib/thumb\libc.a(lib_a-impure.o)
 .comment       0x0000006a       0x6b d:/gcc-arm-none-eabi/bin/../lib/gcc/arm-none-eabi/4.9.3/../../../../arm-none-eabi/lib/thumb\libc.a(lib_a-init.o)
 .comment       0x0000006a       0x6b d:/gcc-arm-none-eabi/bin/../lib/gcc/arm-none-eabi/4.9.3/../../../../arm-none-eabi/lib/thumb\libc.a(lib_a-memcmp.o)
 .comment       0x0000006a       0x6b d:/gcc-arm-none-eabi/bin/../lib/gcc/arm-none-eabi/4.9.3/../../../../arm-none-eabi/lib/thumb\libc.a(lib_a-memcpy.o)
 .comment       0x0000006a       0x6b d:/gcc-arm-none-eabi/bin/../lib/gcc/arm-none-eabi/4.9.3/../../../../arm-none-eabi/lib/thumb\libc.a(lib_a-memset.o)
 .comment       0x0000006a       0x6b d:/gcc-arm-none-eabi/bin/../lib/gcc/arm-none-eabi/4.9.3/../../../../arm-none-eabi/lib/thumb\libc.a(lib_a-sprintf.o)
 .comment       0x0000006a       0x6b d:/gcc-arm-none-eabi/bin/../lib/gcc/arm-none-eabi/4.9.3/../../../../arm-none-eabi/lib/thumb\libc.a(lib_a-strcpy.o)
 .comment       0x0000006a       0x6b d:/gcc-arm-none-eabi/bin/../lib/gcc/arm-none-eabi/4.9.3/../../../../arm-none-eabi/lib/thumb\libc.a(lib_a-strlen.o)
 .comment       0x0000006a       0x6b d:/gcc-arm-none-eabi/bin/../lib/gcc/arm-none-eabi/4.9.3/../../../../arm-none-eabi/lib/thumb\libc.a(lib_a-svfprintf.o)
 .comment       0x0000006a       0x6b d:/gcc-arm-none-eabi/bin/../lib/gcc/arm-none-eabi/4.9.3/../../../../arm-none-eabi/lib/thumb\libc.a(lib_a-__call_atexit.o)
 .comment       0x0000006a       0x6b d:/gcc-arm-none-eabi/bin/../lib/gcc/arm-none-eabi/4.9.3/../../../../arm-none-eabi/lib/thumb\libc.a(lib_a-dtoa.o)
 .comment       0x0000006a       0x6b d:/gcc-arm-none-eabi/bin/../lib/gcc/arm-none-eabi/4.9.3/../../../../arm-none-eabi/lib/thumb\libc.a(lib_a-freer.o)
 .comment       0x0000006a       0x6b d:/gcc-arm-none-eabi/bin/../lib/gcc/arm-none-eabi/4.9.3/../../../../arm-none-eabi/lib/thumb\libc.a(lib_a-locale.o)
 .comment       0x0000006a       0x6b d:/gcc-arm-none-eabi/bin/../lib/gcc/arm-none-eabi/4.9.3/../../../../arm-none-eabi/lib/thumb\libc.a(lib_a-malloc.o)
 .comment       0x0000006a       0x6b d:/gcc-arm-none-eabi/bin/../lib/gcc/arm-none-eabi/4.9.3/../../../../arm-none-eabi/lib/thumb\libc.a(lib_a-mallocr.o)
 .comment       0x0000006a       0x6b d:/gcc-arm-none-eabi/bin/../lib/gcc/arm-none-eabi/4.9.3/../../../../arm-none-eabi/lib/thumb\libc.a(lib_a-memchr.o)
 .comment       0x0000006a       0x6b d:/gcc-arm-none-eabi/bin/../lib/gcc/arm-none-eabi/4.9.3/../../../../arm-none-eabi/lib/thumb\libc.a(lib_a-mlock.o)
 .comment       0x0000006a       0x6b d:/gcc-arm-none-eabi/bin/../lib/gcc/arm-none-eabi/4.9.3/../../../../arm-none-eabi/lib/thumb\libc.a(lib_a-mprec.o)
 .comment       0x0000006a       0x6b d:/gcc-arm-none-eabi/bin/../lib/gcc/arm-none-eabi/4.9.3/../../../../arm-none-eabi/lib/thumb\libc.a(lib_a-s_fpclassify.o)
 .comment       0x0000006a       0x6b d:/gcc-arm-none-eabi/bin/../lib/gcc/arm-none-eabi/4.9.3/../../../../arm-none-eabi/lib/thumb\libc.a(lib_a-s_frexp.o)
 .comment       0x0000006a       0x6b d:/gcc-arm-none-eabi/bin/../lib/gcc/arm-none-eabi/4.9.3/../../../../arm-none-eabi/lib/thumb\libc.a(lib_a-strncpy.o)
 .comment       0x0000006a       0x6b d:/gcc-arm-none-eabi/bin/../lib/gcc/arm-none-eabi/4.9.3/../../../../arm-none-eabi/lib/thumb\libc.a(lib_a-svfiprintf.o)
 .comment       0x0000006a       0x6b d:/gcc-arm-none-eabi/bin/../lib/gcc/arm-none-eabi/4.9.3/../../../../arm-none-eabi/lib/thumb\libc.a(lib_a-callocr.o)
 .comment       0x0000006a       0x6b d:/gcc-arm-none-eabi/bin/../lib/gcc/arm-none-eabi/4.9.3/../../../../arm-none-eabi/lib/thumb\libc.a(lib_a-memmove.o)
 .comment       0x0000006a       0x6b d:/gcc-arm-none-eabi/bin/../lib/gcc/arm-none-eabi/4.9.3/../../../../arm-none-eabi/lib/thumb\libc.a(lib_a-reallocr.o)
 .comment       0x0000006a       0x6b d:/gcc-arm-none-eabi/bin/../lib/gcc/arm-none-eabi/4.9.3/thumb\libgcc.a(bpabi.o)
 .comment       0x0000006a       0x6b d:/gcc-arm-none-eabi/bin/../lib/gcc/arm-none-eabi/4.9.3/thumb\libgcc.a(_muldi3.o)
 .comment       0x0000006a       0x6b d:/gcc-arm-none-eabi/bin/../lib/gcc/arm-none-eabi/4.9.3/thumb\libgcc.a(_divdi3.o)
 .comment       0x0000006a       0x6b d:/gcc-arm-none-eabi/bin/../lib/gcc/arm-none-eabi/4.9.3/thumb\libgcc.a(_udivdi3.o)
 .comment       0x0000006a       0x6b d:/gcc-arm-none-eabi/bin/../lib/gcc/arm-none-eabi/4.9.3/thumb/crtend.o

.debug
 *(.debug)

.line
 *(.line)

.debug_srcinfo
 *(.debug_srcinfo)

.debug_sfnames
 *(.debug_sfnames)

.debug_aranges  0x00000000      0xb08
 *(.debug_aranges)
 .debug_aranges
                0x00000000       0x20 d:/gcc-arm-none-eabi/bin/../lib/gcc/arm-none-eabi/4.9.3/../../../../arm-none-eabi/lib/thumb/crt0.o
 .debug_aranges
                0x00000020       0x20 Src/main.o
 .debug_aranges
                0x00000040       0x20 Src/stm32f10x_it.o
 .debug_aranges
                0x00000060       0x20 Src/Stm32l_level.o
 .debug_aranges
                0x00000080       0x20 Src/Lcd3310.o
 .debug_aranges
                0x000000a0       0x20 Src/StringsConv.o
 .debug_aranges
                0x000000c0       0x20 Src/ParTest.o
 .debug_aranges
                0x000000e0       0x20 Src/timertest.o
 .debug_aranges
                0x00000100       0x18 FreeRTOS_Source/croutine.o
 .debug_aranges
                0x00000118       0x20 FreeRTOS_Source/event_groups.o
 .debug_aranges
                0x00000138       0x20 FreeRTOS_Source/list.o
 .debug_aranges
                0x00000158       0x20 FreeRTOS_Source/queue.o
 .debug_aranges
                0x00000178       0x20 FreeRTOS_Source/tasks.o
 .debug_aranges
                0x00000198       0x18 FreeRTOS_Source/timers.o
 .debug_aranges
                0x000001b0       0x20 FreeRTOS_Source/portable/GCC/ARM_CM3/port.o
 .debug_aranges
                0x000001d0       0x20 FreeRTOS_Source/Full/BlockQ.o
 .debug_aranges
                0x000001f0       0x20 FreeRTOS_Source/Full/comtest.o
 .debug_aranges
                0x00000210       0x20 FreeRTOS_Source/Full/death.o
 .debug_aranges
                0x00000230       0x20 FreeRTOS_Source/Full/dynamic.o
 .debug_aranges
                0x00000250       0x20 FreeRTOS_Source/Full/events.o
 .debug_aranges
                0x00000270       0x20 FreeRTOS_Source/Full/flash.o
 .debug_aranges
                0x00000290       0x20 FreeRTOS_Source/Full/integer.o
 .debug_aranges
                0x000002b0       0x20 FreeRTOS_Source/Full/PollQ.o
 .debug_aranges
                0x000002d0       0x20 FreeRTOS_Source/Full/print.o
 .debug_aranges
                0x000002f0       0x20 FreeRTOS_Source/Full/semtest.o
 .debug_aranges
                0x00000310       0x20 FreeRTOS_Source/Full/QPeek.o
 .debug_aranges
                0x00000330       0x20 FreeRTOS_Source/Full/GenQTest.o
 .debug_aranges
                0x00000350       0x20 FreeRTOS_Source/Full/recmutex.o
 .debug_aranges
                0x00000370       0x20 FreeRTOS_Source/portable/MemMang/heap_2.o
 .debug_aranges
                0x00000390       0x20 Src/syscalls.o
 .debug_aranges
                0x000003b0       0x20 STLibrary/src/stm32f10x_gpio.o
 .debug_aranges
                0x000003d0       0x20 STLibrary/src/stm32f10x_nvic.o
 .debug_aranges
                0x000003f0       0x20 STLibrary/src/stm32f10x_rcc.o
 .debug_aranges
                0x00000410       0x20 STLibrary/src/stm32f10x_systick.o
 .debug_aranges
                0x00000430       0x20 STLibrary/src/stm32f10x_tim.o
 .debug_aranges
                0x00000450       0x20 STLibrary/src/cortexm3_macro.o
 .debug_aranges
                0x00000470       0x20 STLibrary/src/stm32f10x_vector.o
 .debug_aranges
                0x00000490       0x20 d:/gcc-arm-none-eabi/bin/../lib/gcc/arm-none-eabi/4.9.3/thumb\libgcc.a(_arm_addsubsf3.o)
 .debug_aranges
                0x000004b0       0x20 d:/gcc-arm-none-eabi/bin/../lib/gcc/arm-none-eabi/4.9.3/thumb\libgcc.a(_arm_muldivsf3.o)
 .debug_aranges
                0x000004d0       0x20 d:/gcc-arm-none-eabi/bin/../lib/gcc/arm-none-eabi/4.9.3/thumb\libgcc.a(_arm_fixunssfsi.o)
 .debug_aranges
                0x000004f0       0x20 d:/gcc-arm-none-eabi/bin/../lib/gcc/arm-none-eabi/4.9.3/../../../../arm-none-eabi/lib/thumb\libc.a(lib_a-exit.o)
 .debug_aranges
                0x00000510       0x18 d:/gcc-arm-none-eabi/bin/../lib/gcc/arm-none-eabi/4.9.3/../../../../arm-none-eabi/lib/thumb\libc.a(lib_a-impure.o)
 .debug_aranges
                0x00000528       0x20 d:/gcc-arm-none-eabi/bin/../lib/gcc/arm-none-eabi/4.9.3/../../../../arm-none-eabi/lib/thumb\libc.a(lib_a-init.o)
 .debug_aranges
                0x00000548       0x20 d:/gcc-arm-none-eabi/bin/../lib/gcc/arm-none-eabi/4.9.3/../../../../arm-none-eabi/lib/thumb\libc.a(lib_a-memcmp.o)
 .debug_aranges
                0x00000568       0x20 d:/gcc-arm-none-eabi/bin/../lib/gcc/arm-none-eabi/4.9.3/../../../../arm-none-eabi/lib/thumb\libc.a(lib_a-memcpy.o)
 .debug_aranges
                0x00000588       0x20 d:/gcc-arm-none-eabi/bin/../lib/gcc/arm-none-eabi/4.9.3/../../../../arm-none-eabi/lib/thumb\libc.a(lib_a-memset.o)
 .debug_aranges
                0x000005a8       0x28 d:/gcc-arm-none-eabi/bin/../lib/gcc/arm-none-eabi/4.9.3/../../../../arm-none-eabi/lib/thumb\libc.a(lib_a-sprintf.o)
 .debug_aranges
                0x000005d0       0x20 d:/gcc-arm-none-eabi/bin/../lib/gcc/arm-none-eabi/4.9.3/../../../../arm-none-eabi/lib/thumb\libc.a(lib_a-strcpy.o)
 .debug_aranges
                0x000005f0       0x20 d:/gcc-arm-none-eabi/bin/../lib/gcc/arm-none-eabi/4.9.3/../../../../arm-none-eabi/lib/thumb\libc.a(lib_a-strlen.o)
 .debug_aranges
                0x00000610       0x20 d:/gcc-arm-none-eabi/bin/../lib/gcc/arm-none-eabi/4.9.3/../../../../arm-none-eabi/lib/thumb\libc.a(lib_a-svfprintf.o)
 .debug_aranges
                0x00000630       0x20 d:/gcc-arm-none-eabi/bin/../lib/gcc/arm-none-eabi/4.9.3/../../../../arm-none-eabi/lib/thumb\libc.a(lib_a-__call_atexit.o)
 .debug_aranges
                0x00000650       0x28 d:/gcc-arm-none-eabi/bin/../lib/gcc/arm-none-eabi/4.9.3/../../../../arm-none-eabi/lib/thumb\libc.a(lib_a-dtoa.o)
 .debug_aranges
                0x00000678       0x28 d:/gcc-arm-none-eabi/bin/../lib/gcc/arm-none-eabi/4.9.3/../../../../arm-none-eabi/lib/thumb\libc.a(lib_a-freer.o)
 .debug_aranges
                0x000006a0       0x58 d:/gcc-arm-none-eabi/bin/../lib/gcc/arm-none-eabi/4.9.3/../../../../arm-none-eabi/lib/thumb\libc.a(lib_a-locale.o)
 .debug_aranges
                0x000006f8       0x28 d:/gcc-arm-none-eabi/bin/../lib/gcc/arm-none-eabi/4.9.3/../../../../arm-none-eabi/lib/thumb\libc.a(lib_a-malloc.o)
 .debug_aranges
                0x00000720       0x20 d:/gcc-arm-none-eabi/bin/../lib/gcc/arm-none-eabi/4.9.3/../../../../arm-none-eabi/lib/thumb\libc.a(lib_a-mallocr.o)
 .debug_aranges
                0x00000740       0x20 d:/gcc-arm-none-eabi/bin/../lib/gcc/arm-none-eabi/4.9.3/../../../../arm-none-eabi/lib/thumb\libc.a(lib_a-memchr.o)
 .debug_aranges
                0x00000760       0x28 d:/gcc-arm-none-eabi/bin/../lib/gcc/arm-none-eabi/4.9.3/../../../../arm-none-eabi/lib/thumb\libc.a(lib_a-mlock.o)
 .debug_aranges
                0x00000788       0xb0 d:/gcc-arm-none-eabi/bin/../lib/gcc/arm-none-eabi/4.9.3/../../../../arm-none-eabi/lib/thumb\libc.a(lib_a-mprec.o)
 .debug_aranges
                0x00000838       0x20 d:/gcc-arm-none-eabi/bin/../lib/gcc/arm-none-eabi/4.9.3/../../../../arm-none-eabi/lib/thumb\libc.a(lib_a-s_fpclassify.o)
 .debug_aranges
                0x00000858       0x20 d:/gcc-arm-none-eabi/bin/../lib/gcc/arm-none-eabi/4.9.3/../../../../arm-none-eabi/lib/thumb\libc.a(lib_a-s_frexp.o)
 .debug_aranges
                0x00000878       0x20 d:/gcc-arm-none-eabi/bin/../lib/gcc/arm-none-eabi/4.9.3/../../../../arm-none-eabi/lib/thumb\libc.a(lib_a-strcmp.o)
 .debug_aranges
                0x00000898       0x20 d:/gcc-arm-none-eabi/bin/../lib/gcc/arm-none-eabi/4.9.3/../../../../arm-none-eabi/lib/thumb\libc.a(lib_a-strncpy.o)
 .debug_aranges
                0x000008b8       0x30 d:/gcc-arm-none-eabi/bin/../lib/gcc/arm-none-eabi/4.9.3/../../../../arm-none-eabi/lib/thumb\libc.a(lib_a-svfiprintf.o)
 .debug_aranges
                0x000008e8       0x20 d:/gcc-arm-none-eabi/bin/../lib/gcc/arm-none-eabi/4.9.3/../../../../arm-none-eabi/lib/thumb\libc.a(lib_a-callocr.o)
 .debug_aranges
                0x00000908       0x20 d:/gcc-arm-none-eabi/bin/../lib/gcc/arm-none-eabi/4.9.3/../../../../arm-none-eabi/lib/thumb\libc.a(lib_a-memmove.o)
 .debug_aranges
                0x00000928       0x20 d:/gcc-arm-none-eabi/bin/../lib/gcc/arm-none-eabi/4.9.3/../../../../arm-none-eabi/lib/thumb\libc.a(lib_a-reallocr.o)
 .debug_aranges
                0x00000948       0x20 d:/gcc-arm-none-eabi/bin/../lib/gcc/arm-none-eabi/4.9.3/thumb\libgcc.a(_udivsi3.o)
 .debug_aranges
                0x00000968       0x20 d:/gcc-arm-none-eabi/bin/../lib/gcc/arm-none-eabi/4.9.3/thumb\libgcc.a(_divsi3.o)
 .debug_aranges
                0x00000988       0x20 d:/gcc-arm-none-eabi/bin/../lib/gcc/arm-none-eabi/4.9.3/thumb\libgcc.a(_dvmd_tls.o)
 .debug_aranges
                0x000009a8       0x20 d:/gcc-arm-none-eabi/bin/../lib/gcc/arm-none-eabi/4.9.3/thumb\libgcc.a(_arm_addsubdf3.o)
 .debug_aranges
                0x000009c8       0x20 d:/gcc-arm-none-eabi/bin/../lib/gcc/arm-none-eabi/4.9.3/thumb\libgcc.a(_arm_muldivdf3.o)
 .debug_aranges
                0x000009e8       0x20 d:/gcc-arm-none-eabi/bin/../lib/gcc/arm-none-eabi/4.9.3/thumb\libgcc.a(_arm_cmpdf2.o)
 .debug_aranges
                0x00000a08       0x20 d:/gcc-arm-none-eabi/bin/../lib/gcc/arm-none-eabi/4.9.3/thumb\libgcc.a(_arm_fixdfsi.o)
 .debug_aranges
                0x00000a28       0x20 d:/gcc-arm-none-eabi/bin/../lib/gcc/arm-none-eabi/4.9.3/thumb\libgcc.a(_aeabi_uldivmod.o)
 .debug_aranges
                0x00000a48       0x20 d:/gcc-arm-none-eabi/bin/../lib/gcc/arm-none-eabi/4.9.3/thumb\libgcc.a(bpabi.o)
 .debug_aranges
                0x00000a68       0x20 d:/gcc-arm-none-eabi/bin/../lib/gcc/arm-none-eabi/4.9.3/thumb\libgcc.a(_muldi3.o)
 .debug_aranges
                0x00000a88       0x20 d:/gcc-arm-none-eabi/bin/../lib/gcc/arm-none-eabi/4.9.3/thumb\libgcc.a(_divdi3.o)
 .debug_aranges
                0x00000aa8       0x20 d:/gcc-arm-none-eabi/bin/../lib/gcc/arm-none-eabi/4.9.3/thumb\libgcc.a(_udivdi3.o)
 .debug_aranges
                0x00000ac8       0x20 d:/gcc-arm-none-eabi/bin/../lib/gcc/arm-none-eabi/4.9.3/thumb\libgcc.a(_clzdi2.o)
 .debug_aranges
                0x00000ae8       0x20 d:/gcc-arm-none-eabi/bin/../lib/gcc/arm-none-eabi/4.9.3/thumb\libgcc.a(_clzsi2.o)

.debug_pubnames
 *(.debug_pubnames)

.debug_info     0x00000000    0x176b8
 *(.debug_info .gnu.linkonce.wi.*)
 .debug_info    0x00000000       0xce d:/gcc-arm-none-eabi/bin/../lib/gcc/arm-none-eabi/4.9.3/../../../../arm-none-eabi/lib/thumb/crt0.o
 .debug_info    0x000000ce      0x2f8 Src/main.o
 .debug_info    0x000003c6      0x3a7 Src/stm32f10x_it.o
 .debug_info    0x0000076d      0x326 Src/Stm32l_level.o
 .debug_info    0x00000a93      0x41b Src/Lcd3310.o
 .debug_info    0x00000eae      0x3bf Src/StringsConv.o
 .debug_info    0x0000126d      0x1ae Src/ParTest.o
 .debug_info    0x0000141b      0x43b Src/timertest.o
 .debug_info    0x00001856       0x72 FreeRTOS_Source/croutine.o
 .debug_info    0x000018c8      0x65e FreeRTOS_Source/event_groups.o
 .debug_info    0x00001f26      0x28f FreeRTOS_Source/list.o
 .debug_info    0x000021b5      0xad7 FreeRTOS_Source/queue.o
 .debug_info    0x00002c8c     0x169a FreeRTOS_Source/tasks.o
 .debug_info    0x00004326       0x72 FreeRTOS_Source/timers.o
 .debug_info    0x00004398      0x238 FreeRTOS_Source/portable/GCC/ARM_CM3/port.o
 .debug_info    0x000045d0      0x334 FreeRTOS_Source/Full/BlockQ.o
 .debug_info    0x00004904      0x207 FreeRTOS_Source/Full/comtest.o
 .debug_info    0x00004b0b      0x24d FreeRTOS_Source/Full/death.o
 .debug_info    0x00004d58      0x338 FreeRTOS_Source/Full/dynamic.o
 .debug_info    0x00005090      0x290 FreeRTOS_Source/Full/events.o
 .debug_info    0x00005320      0x154 FreeRTOS_Source/Full/flash.o
 .debug_info    0x00005474      0x189 FreeRTOS_Source/Full/integer.o
 .debug_info    0x000055fd      0x215 FreeRTOS_Source/Full/PollQ.o
 .debug_info    0x00005812      0x179 FreeRTOS_Source/Full/print.o
 .debug_info    0x0000598b      0x289 FreeRTOS_Source/Full/semtest.o
 .debug_info    0x00005c14      0x29b FreeRTOS_Source/Full/QPeek.o
 .debug_info    0x00005eaf      0x330 FreeRTOS_Source/Full/GenQTest.o
 .debug_info    0x000061df      0x279 FreeRTOS_Source/Full/recmutex.o
 .debug_info    0x00006458      0x2dc FreeRTOS_Source/portable/MemMang/heap_2.o
 .debug_info    0x00006734      0xa90 Src/syscalls.o
 .debug_info    0x000071c4      0x63a STLibrary/src/stm32f10x_gpio.o
 .debug_info    0x000077fe      0x8a7 STLibrary/src/stm32f10x_nvic.o
 .debug_info    0x000080a5      0x848 STLibrary/src/stm32f10x_rcc.o
 .debug_info    0x000088ed      0x209 STLibrary/src/stm32f10x_systick.o
 .debug_info    0x00008af6     0x1bb9 STLibrary/src/stm32f10x_tim.o
 .debug_info    0x0000a6af       0x72 STLibrary/src/cortexm3_macro.o
 .debug_info    0x0000a721       0xd7 STLibrary/src/stm32f10x_vector.o
 .debug_info    0x0000a7f8       0xce d:/gcc-arm-none-eabi/bin/../lib/gcc/arm-none-eabi/4.9.3/thumb\libgcc.a(_arm_addsubsf3.o)
 .debug_info    0x0000a8c6       0xce d:/gcc-arm-none-eabi/bin/../lib/gcc/arm-none-eabi/4.9.3/thumb\libgcc.a(_arm_muldivsf3.o)
 .debug_info    0x0000a994       0xce d:/gcc-arm-none-eabi/bin/../lib/gcc/arm-none-eabi/4.9.3/thumb\libgcc.a(_arm_fixunssfsi.o)
 .debug_info    0x0000aa62      0x78c d:/gcc-arm-none-eabi/bin/../lib/gcc/arm-none-eabi/4.9.3/../../../../arm-none-eabi/lib/thumb\libc.a(lib_a-exit.o)
 .debug_info    0x0000b1ee      0x7cf d:/gcc-arm-none-eabi/bin/../lib/gcc/arm-none-eabi/4.9.3/../../../../arm-none-eabi/lib/thumb\libc.a(lib_a-impure.o)
 .debug_info    0x0000b9bd      0x101 d:/gcc-arm-none-eabi/bin/../lib/gcc/arm-none-eabi/4.9.3/../../../../arm-none-eabi/lib/thumb\libc.a(lib_a-init.o)
 .debug_info    0x0000babe      0x10f d:/gcc-arm-none-eabi/bin/../lib/gcc/arm-none-eabi/4.9.3/../../../../arm-none-eabi/lib/thumb\libc.a(lib_a-memcmp.o)
 .debug_info    0x0000bbcd      0x12d d:/gcc-arm-none-eabi/bin/../lib/gcc/arm-none-eabi/4.9.3/../../../../arm-none-eabi/lib/thumb\libc.a(lib_a-memcpy.o)
 .debug_info    0x0000bcfa      0x113 d:/gcc-arm-none-eabi/bin/../lib/gcc/arm-none-eabi/4.9.3/../../../../arm-none-eabi/lib/thumb\libc.a(lib_a-memset.o)
 .debug_info    0x0000be0d      0x899 d:/gcc-arm-none-eabi/bin/../lib/gcc/arm-none-eabi/4.9.3/../../../../arm-none-eabi/lib/thumb\libc.a(lib_a-sprintf.o)
 .debug_info    0x0000c6a6       0xb9 d:/gcc-arm-none-eabi/bin/../lib/gcc/arm-none-eabi/4.9.3/../../../../arm-none-eabi/lib/thumb\libc.a(lib_a-strcpy.o)
 .debug_info    0x0000c75f       0xd9 d:/gcc-arm-none-eabi/bin/../lib/gcc/arm-none-eabi/4.9.3/../../../../arm-none-eabi/lib/thumb\libc.a(lib_a-strlen.o)
 .debug_info    0x0000c838     0x17a1 d:/gcc-arm-none-eabi/bin/../lib/gcc/arm-none-eabi/4.9.3/../../../../arm-none-eabi/lib/thumb\libc.a(lib_a-svfprintf.o)
 .debug_info    0x0000dfd9      0x208 d:/gcc-arm-none-eabi/bin/../lib/gcc/arm-none-eabi/4.9.3/../../../../arm-none-eabi/lib/thumb\libc.a(lib_a-__call_atexit.o)
 .debug_info    0x0000e1e1     0x124f d:/gcc-arm-none-eabi/bin/../lib/gcc/arm-none-eabi/4.9.3/../../../../arm-none-eabi/lib/thumb\libc.a(lib_a-dtoa.o)
 .debug_info    0x0000f430      0xab2 d:/gcc-arm-none-eabi/bin/../lib/gcc/arm-none-eabi/4.9.3/../../../../arm-none-eabi/lib/thumb\libc.a(lib_a-freer.o)
 .debug_info    0x0000fee2      0xac9 d:/gcc-arm-none-eabi/bin/../lib/gcc/arm-none-eabi/4.9.3/../../../../arm-none-eabi/lib/thumb\libc.a(lib_a-locale.o)
 .debug_info    0x000109ab      0x7bd d:/gcc-arm-none-eabi/bin/../lib/gcc/arm-none-eabi/4.9.3/../../../../arm-none-eabi/lib/thumb\libc.a(lib_a-malloc.o)
 .debug_info    0x00011168      0xc16 d:/gcc-arm-none-eabi/bin/../lib/gcc/arm-none-eabi/4.9.3/../../../../arm-none-eabi/lib/thumb\libc.a(lib_a-mallocr.o)
 .debug_info    0x00011d7e      0x127 d:/gcc-arm-none-eabi/bin/../lib/gcc/arm-none-eabi/4.9.3/../../../../arm-none-eabi/lib/thumb\libc.a(lib_a-memchr.o)
 .debug_info    0x00011ea5      0x75c d:/gcc-arm-none-eabi/bin/../lib/gcc/arm-none-eabi/4.9.3/../../../../arm-none-eabi/lib/thumb\libc.a(lib_a-mlock.o)
 .debug_info    0x00012601     0x15c8 d:/gcc-arm-none-eabi/bin/../lib/gcc/arm-none-eabi/4.9.3/../../../../arm-none-eabi/lib/thumb\libc.a(lib_a-mprec.o)
 .debug_info    0x00013bc9       0xd7 d:/gcc-arm-none-eabi/bin/../lib/gcc/arm-none-eabi/4.9.3/../../../../arm-none-eabi/lib/thumb\libc.a(lib_a-s_fpclassify.o)
 .debug_info    0x00013ca0      0x1bd d:/gcc-arm-none-eabi/bin/../lib/gcc/arm-none-eabi/4.9.3/../../../../arm-none-eabi/lib/thumb\libc.a(lib_a-s_frexp.o)
 .debug_info    0x00013e5d       0xe7 d:/gcc-arm-none-eabi/bin/../lib/gcc/arm-none-eabi/4.9.3/../../../../arm-none-eabi/lib/thumb\libc.a(lib_a-strcmp.o)
 .debug_info    0x00013f44      0x120 d:/gcc-arm-none-eabi/bin/../lib/gcc/arm-none-eabi/4.9.3/../../../../arm-none-eabi/lib/thumb\libc.a(lib_a-strncpy.o)
 .debug_info    0x00014064     0x118a d:/gcc-arm-none-eabi/bin/../lib/gcc/arm-none-eabi/4.9.3/../../../../arm-none-eabi/lib/thumb\libc.a(lib_a-svfiprintf.o)
 .debug_info    0x000151ee      0x88c d:/gcc-arm-none-eabi/bin/../lib/gcc/arm-none-eabi/4.9.3/../../../../arm-none-eabi/lib/thumb\libc.a(lib_a-callocr.o)
 .debug_info    0x00015a7a      0x12d d:/gcc-arm-none-eabi/bin/../lib/gcc/arm-none-eabi/4.9.3/../../../../arm-none-eabi/lib/thumb\libc.a(lib_a-memmove.o)
 .debug_info    0x00015ba7      0xb81 d:/gcc-arm-none-eabi/bin/../lib/gcc/arm-none-eabi/4.9.3/../../../../arm-none-eabi/lib/thumb\libc.a(lib_a-reallocr.o)
 .debug_info    0x00016728       0xcd d:/gcc-arm-none-eabi/bin/../lib/gcc/arm-none-eabi/4.9.3/thumb\libgcc.a(_udivsi3.o)
 .debug_info    0x000167f5       0xcd d:/gcc-arm-none-eabi/bin/../lib/gcc/arm-none-eabi/4.9.3/thumb\libgcc.a(_divsi3.o)
 .debug_info    0x000168c2       0xcd d:/gcc-arm-none-eabi/bin/../lib/gcc/arm-none-eabi/4.9.3/thumb\libgcc.a(_dvmd_tls.o)
 .debug_info    0x0001698f       0xce d:/gcc-arm-none-eabi/bin/../lib/gcc/arm-none-eabi/4.9.3/thumb\libgcc.a(_arm_addsubdf3.o)
 .debug_info    0x00016a5d       0xce d:/gcc-arm-none-eabi/bin/../lib/gcc/arm-none-eabi/4.9.3/thumb\libgcc.a(_arm_muldivdf3.o)
 .debug_info    0x00016b2b       0xce d:/gcc-arm-none-eabi/bin/../lib/gcc/arm-none-eabi/4.9.3/thumb\libgcc.a(_arm_cmpdf2.o)
 .debug_info    0x00016bf9       0xce d:/gcc-arm-none-eabi/bin/../lib/gcc/arm-none-eabi/4.9.3/thumb\libgcc.a(_arm_fixdfsi.o)
 .debug_info    0x00016cc7       0xc9 d:/gcc-arm-none-eabi/bin/../lib/gcc/arm-none-eabi/4.9.3/thumb\libgcc.a(_aeabi_uldivmod.o)
 .debug_info    0x00016d90      0x15a d:/gcc-arm-none-eabi/bin/../lib/gcc/arm-none-eabi/4.9.3/thumb\libgcc.a(bpabi.o)
 .debug_info    0x00016eea      0x1fe d:/gcc-arm-none-eabi/bin/../lib/gcc/arm-none-eabi/4.9.3/thumb\libgcc.a(_muldi3.o)
 .debug_info    0x000170e8      0x268 d:/gcc-arm-none-eabi/bin/../lib/gcc/arm-none-eabi/4.9.3/thumb\libgcc.a(_divdi3.o)
 .debug_info    0x00017350      0x1ce d:/gcc-arm-none-eabi/bin/../lib/gcc/arm-none-eabi/4.9.3/thumb\libgcc.a(_udivdi3.o)
 .debug_info    0x0001751e       0xcd d:/gcc-arm-none-eabi/bin/../lib/gcc/arm-none-eabi/4.9.3/thumb\libgcc.a(_clzdi2.o)
 .debug_info    0x000175eb       0xcd d:/gcc-arm-none-eabi/bin/../lib/gcc/arm-none-eabi/4.9.3/thumb\libgcc.a(_clzsi2.o)

.debug_abbrev   0x00000000     0x50bd
 *(.debug_abbrev)
 .debug_abbrev  0x00000000       0x14 d:/gcc-arm-none-eabi/bin/../lib/gcc/arm-none-eabi/4.9.3/../../../../arm-none-eabi/lib/thumb/crt0.o
 .debug_abbrev  0x00000014      0x19c Src/main.o
 .debug_abbrev  0x000001b0       0x4f Src/stm32f10x_it.o
 .debug_abbrev  0x000001ff      0x16d Src/Stm32l_level.o
 .debug_abbrev  0x0000036c      0x135 Src/Lcd3310.o
 .debug_abbrev  0x000004a1      0x14a Src/StringsConv.o
 .debug_abbrev  0x000005eb       0x9b Src/ParTest.o
 .debug_abbrev  0x00000686       0xef Src/timertest.o
 .debug_abbrev  0x00000775       0x26 FreeRTOS_Source/croutine.o
 .debug_abbrev  0x0000079b      0x137 FreeRTOS_Source/event_groups.o
 .debug_abbrev  0x000008d2       0xbe FreeRTOS_Source/list.o
 .debug_abbrev  0x00000990      0x177 FreeRTOS_Source/queue.o
 .debug_abbrev  0x00000b07      0x287 FreeRTOS_Source/tasks.o
 .debug_abbrev  0x00000d8e       0x26 FreeRTOS_Source/timers.o
 .debug_abbrev  0x00000db4      0x162 FreeRTOS_Source/portable/GCC/ARM_CM3/port.o
 .debug_abbrev  0x00000f16      0x100 FreeRTOS_Source/Full/BlockQ.o
 .debug_abbrev  0x00001016       0xc0 FreeRTOS_Source/Full/comtest.o
 .debug_abbrev  0x000010d6       0xe1 FreeRTOS_Source/Full/death.o
 .debug_abbrev  0x000011b7       0xff FreeRTOS_Source/Full/dynamic.o
 .debug_abbrev  0x000012b6      0x107 FreeRTOS_Source/Full/events.o
 .debug_abbrev  0x000013bd       0x95 FreeRTOS_Source/Full/flash.o
 .debug_abbrev  0x00001452       0xcc FreeRTOS_Source/Full/integer.o
 .debug_abbrev  0x0000151e       0xb1 FreeRTOS_Source/Full/PollQ.o
 .debug_abbrev  0x000015cf       0xbc FreeRTOS_Source/Full/print.o
 .debug_abbrev  0x0000168b      0x100 FreeRTOS_Source/Full/semtest.o
 .debug_abbrev  0x0000178b       0xf8 FreeRTOS_Source/Full/QPeek.o
 .debug_abbrev  0x00001883       0xe7 FreeRTOS_Source/Full/GenQTest.o
 .debug_abbrev  0x0000196a       0xf4 FreeRTOS_Source/Full/recmutex.o
 .debug_abbrev  0x00001a5e      0x152 FreeRTOS_Source/portable/MemMang/heap_2.o
 .debug_abbrev  0x00001bb0      0x19b Src/syscalls.o
 .debug_abbrev  0x00001d4b      0x1d5 STLibrary/src/stm32f10x_gpio.o
 .debug_abbrev  0x00001f20      0x233 STLibrary/src/stm32f10x_nvic.o
 .debug_abbrev  0x00002153      0x1d6 STLibrary/src/stm32f10x_rcc.o
 .debug_abbrev  0x00002329      0x119 STLibrary/src/stm32f10x_systick.o
 .debug_abbrev  0x00002442      0x1b9 STLibrary/src/stm32f10x_tim.o
 .debug_abbrev  0x000025fb       0x14 STLibrary/src/cortexm3_macro.o
 .debug_abbrev  0x0000260f       0xa2 STLibrary/src/stm32f10x_vector.o
 .debug_abbrev  0x000026b1       0x14 d:/gcc-arm-none-eabi/bin/../lib/gcc/arm-none-eabi/4.9.3/thumb\libgcc.a(_arm_addsubsf3.o)
 .debug_abbrev  0x000026c5       0x14 d:/gcc-arm-none-eabi/bin/../lib/gcc/arm-none-eabi/4.9.3/thumb\libgcc.a(_arm_muldivsf3.o)
 .debug_abbrev  0x000026d9       0x14 d:/gcc-arm-none-eabi/bin/../lib/gcc/arm-none-eabi/4.9.3/thumb\libgcc.a(_arm_fixunssfsi.o)
 .debug_abbrev  0x000026ed      0x189 d:/gcc-arm-none-eabi/bin/../lib/gcc/arm-none-eabi/4.9.3/../../../../arm-none-eabi/lib/thumb\libc.a(lib_a-exit.o)
 .debug_abbrev  0x00002876      0x134 d:/gcc-arm-none-eabi/bin/../lib/gcc/arm-none-eabi/4.9.3/../../../../arm-none-eabi/lib/thumb\libc.a(lib_a-impure.o)
 .debug_abbrev  0x000029aa       0xb8 d:/gcc-arm-none-eabi/bin/../lib/gcc/arm-none-eabi/4.9.3/../../../../arm-none-eabi/lib/thumb\libc.a(lib_a-init.o)
 .debug_abbrev  0x00002a62       0x7d d:/gcc-arm-none-eabi/bin/../lib/gcc/arm-none-eabi/4.9.3/../../../../arm-none-eabi/lib/thumb\libc.a(lib_a-memcmp.o)
 .debug_abbrev  0x00002adf       0xa9 d:/gcc-arm-none-eabi/bin/../lib/gcc/arm-none-eabi/4.9.3/../../../../arm-none-eabi/lib/thumb\libc.a(lib_a-memcpy.o)
 .debug_abbrev  0x00002b88       0x9d d:/gcc-arm-none-eabi/bin/../lib/gcc/arm-none-eabi/4.9.3/../../../../arm-none-eabi/lib/thumb\libc.a(lib_a-memset.o)
 .debug_abbrev  0x00002c25      0x1bd d:/gcc-arm-none-eabi/bin/../lib/gcc/arm-none-eabi/4.9.3/../../../../arm-none-eabi/lib/thumb\libc.a(lib_a-sprintf.o)
 .debug_abbrev  0x00002de2       0x70 d:/gcc-arm-none-eabi/bin/../lib/gcc/arm-none-eabi/4.9.3/../../../../arm-none-eabi/lib/thumb\libc.a(lib_a-strcpy.o)
 .debug_abbrev  0x00002e52       0x7f d:/gcc-arm-none-eabi/bin/../lib/gcc/arm-none-eabi/4.9.3/../../../../arm-none-eabi/lib/thumb\libc.a(lib_a-strlen.o)
 .debug_abbrev  0x00002ed1      0x325 d:/gcc-arm-none-eabi/bin/../lib/gcc/arm-none-eabi/4.9.3/../../../../arm-none-eabi/lib/thumb\libc.a(lib_a-svfprintf.o)
 .debug_abbrev  0x000031f6      0x146 d:/gcc-arm-none-eabi/bin/../lib/gcc/arm-none-eabi/4.9.3/../../../../arm-none-eabi/lib/thumb\libc.a(lib_a-__call_atexit.o)
 .debug_abbrev  0x0000333c      0x2a6 d:/gcc-arm-none-eabi/bin/../lib/gcc/arm-none-eabi/4.9.3/../../../../arm-none-eabi/lib/thumb\libc.a(lib_a-dtoa.o)
 .debug_abbrev  0x000035e2      0x201 d:/gcc-arm-none-eabi/bin/../lib/gcc/arm-none-eabi/4.9.3/../../../../arm-none-eabi/lib/thumb\libc.a(lib_a-freer.o)
 .debug_abbrev  0x000037e3      0x24a d:/gcc-arm-none-eabi/bin/../lib/gcc/arm-none-eabi/4.9.3/../../../../arm-none-eabi/lib/thumb\libc.a(lib_a-locale.o)
 .debug_abbrev  0x00003a2d      0x19a d:/gcc-arm-none-eabi/bin/../lib/gcc/arm-none-eabi/4.9.3/../../../../arm-none-eabi/lib/thumb\libc.a(lib_a-malloc.o)
 .debug_abbrev  0x00003bc7      0x23f d:/gcc-arm-none-eabi/bin/../lib/gcc/arm-none-eabi/4.9.3/../../../../arm-none-eabi/lib/thumb\libc.a(lib_a-mallocr.o)
 .debug_abbrev  0x00003e06       0xa9 d:/gcc-arm-none-eabi/bin/../lib/gcc/arm-none-eabi/4.9.3/../../../../arm-none-eabi/lib/thumb\libc.a(lib_a-memchr.o)
 .debug_abbrev  0x00003eaf      0x13d d:/gcc-arm-none-eabi/bin/../lib/gcc/arm-none-eabi/4.9.3/../../../../arm-none-eabi/lib/thumb\libc.a(lib_a-mlock.o)
 .debug_abbrev  0x00003fec      0x35f d:/gcc-arm-none-eabi/bin/../lib/gcc/arm-none-eabi/4.9.3/../../../../arm-none-eabi/lib/thumb\libc.a(lib_a-mprec.o)
 .debug_abbrev  0x0000434b       0x6d d:/gcc-arm-none-eabi/bin/../lib/gcc/arm-none-eabi/4.9.3/../../../../arm-none-eabi/lib/thumb\libc.a(lib_a-s_fpclassify.o)
 .debug_abbrev  0x000043b8      0x110 d:/gcc-arm-none-eabi/bin/../lib/gcc/arm-none-eabi/4.9.3/../../../../arm-none-eabi/lib/thumb\libc.a(lib_a-s_frexp.o)
 .debug_abbrev  0x000044c8       0x14 d:/gcc-arm-none-eabi/bin/../lib/gcc/arm-none-eabi/4.9.3/../../../../arm-none-eabi/lib/thumb\libc.a(lib_a-strcmp.o)
 .debug_abbrev  0x000044dc       0xaa d:/gcc-arm-none-eabi/bin/../lib/gcc/arm-none-eabi/4.9.3/../../../../arm-none-eabi/lib/thumb\libc.a(lib_a-strncpy.o)
 .debug_abbrev  0x00004586      0x2b3 d:/gcc-arm-none-eabi/bin/../lib/gcc/arm-none-eabi/4.9.3/../../../../arm-none-eabi/lib/thumb\libc.a(lib_a-svfiprintf.o)
 .debug_abbrev  0x00004839      0x1a9 d:/gcc-arm-none-eabi/bin/../lib/gcc/arm-none-eabi/4.9.3/../../../../arm-none-eabi/lib/thumb\libc.a(lib_a-callocr.o)
 .debug_abbrev  0x000049e2       0xa9 d:/gcc-arm-none-eabi/bin/../lib/gcc/arm-none-eabi/4.9.3/../../../../arm-none-eabi/lib/thumb\libc.a(lib_a-memmove.o)
 .debug_abbrev  0x00004a8b      0x1e6 d:/gcc-arm-none-eabi/bin/../lib/gcc/arm-none-eabi/4.9.3/../../../../arm-none-eabi/lib/thumb\libc.a(lib_a-reallocr.o)
 .debug_abbrev  0x00004c71       0x14 d:/gcc-arm-none-eabi/bin/../lib/gcc/arm-none-eabi/4.9.3/thumb\libgcc.a(_udivsi3.o)
 .debug_abbrev  0x00004c85       0x14 d:/gcc-arm-none-eabi/bin/../lib/gcc/arm-none-eabi/4.9.3/thumb\libgcc.a(_divsi3.o)
 .debug_abbrev  0x00004c99       0x14 d:/gcc-arm-none-eabi/bin/../lib/gcc/arm-none-eabi/4.9.3/thumb\libgcc.a(_dvmd_tls.o)
 .debug_abbrev  0x00004cad       0x14 d:/gcc-arm-none-eabi/bin/../lib/gcc/arm-none-eabi/4.9.3/thumb\libgcc.a(_arm_addsubdf3.o)
 .debug_abbrev  0x00004cc1       0x14 d:/gcc-arm-none-eabi/bin/../lib/gcc/arm-none-eabi/4.9.3/thumb\libgcc.a(_arm_muldivdf3.o)
 .debug_abbrev  0x00004cd5       0x14 d:/gcc-arm-none-eabi/bin/../lib/gcc/arm-none-eabi/4.9.3/thumb\libgcc.a(_arm_cmpdf2.o)
 .debug_abbrev  0x00004ce9       0x14 d:/gcc-arm-none-eabi/bin/../lib/gcc/arm-none-eabi/4.9.3/thumb\libgcc.a(_arm_fixdfsi.o)
 .debug_abbrev  0x00004cfd       0x14 d:/gcc-arm-none-eabi/bin/../lib/gcc/arm-none-eabi/4.9.3/thumb\libgcc.a(_aeabi_uldivmod.o)
 .debug_abbrev  0x00004d11       0xb5 d:/gcc-arm-none-eabi/bin/../lib/gcc/arm-none-eabi/4.9.3/thumb\libgcc.a(bpabi.o)
 .debug_abbrev  0x00004dc6       0xe0 d:/gcc-arm-none-eabi/bin/../lib/gcc/arm-none-eabi/4.9.3/thumb\libgcc.a(_muldi3.o)
 .debug_abbrev  0x00004ea6      0x128 d:/gcc-arm-none-eabi/bin/../lib/gcc/arm-none-eabi/4.9.3/thumb\libgcc.a(_divdi3.o)
 .debug_abbrev  0x00004fce       0xc7 d:/gcc-arm-none-eabi/bin/../lib/gcc/arm-none-eabi/4.9.3/thumb\libgcc.a(_udivdi3.o)
 .debug_abbrev  0x00005095       0x14 d:/gcc-arm-none-eabi/bin/../lib/gcc/arm-none-eabi/4.9.3/thumb\libgcc.a(_clzdi2.o)
 .debug_abbrev  0x000050a9       0x14 d:/gcc-arm-none-eabi/bin/../lib/gcc/arm-none-eabi/4.9.3/thumb\libgcc.a(_clzsi2.o)

.debug_line     0x00000000     0x85c9
 *(.debug_line)
 .debug_line    0x00000000       0xbd d:/gcc-arm-none-eabi/bin/../lib/gcc/arm-none-eabi/4.9.3/../../../../arm-none-eabi/lib/thumb/crt0.o
 .debug_line    0x000000bd      0x1af Src/main.o
 .debug_line    0x0000026c      0x10f Src/stm32f10x_it.o
 .debug_line    0x0000037b       0xf5 Src/Stm32l_level.o
 .debug_line    0x00000470      0x178 Src/Lcd3310.o
 .debug_line    0x000005e8      0x1af Src/StringsConv.o
 .debug_line    0x00000797       0x7d Src/ParTest.o
 .debug_line    0x00000814       0xc0 Src/timertest.o
 .debug_line    0x000008d4       0x1d FreeRTOS_Source/croutine.o
 .debug_line    0x000008f1      0x1e3 FreeRTOS_Source/event_groups.o
 .debug_line    0x00000ad4      0x155 FreeRTOS_Source/list.o
 .debug_line    0x00000c29      0x364 FreeRTOS_Source/queue.o
 .debug_line    0x00000f8d      0x730 FreeRTOS_Source/tasks.o
 .debug_line    0x000016bd       0x1d FreeRTOS_Source/timers.o
 .debug_line    0x000016da      0x16c FreeRTOS_Source/portable/GCC/ARM_CM3/port.o
 .debug_line    0x00001846      0x17f FreeRTOS_Source/Full/BlockQ.o
 .debug_line    0x000019c5      0x19b FreeRTOS_Source/Full/comtest.o